Component: ARM Compiler 5.05 update 2 (build 169) Tool: armlink [4d0f33]

==============================================================================

Section Cross References

    startup_stm32f40_41xxx.o(RESET) refers to startup_stm32f40_41xxx.o(STACK) for __initial_sp
    startup_stm32f40_41xxx.o(RESET) refers to startup_stm32f40_41xxx.o(.text) for Reset_Handler
    startup_stm32f40_41xxx.o(RESET) refers to stm32f4xx_it.o(i.NMI_Handler) for NMI_Handler
    startup_stm32f40_41xxx.o(RESET) refers to stm32f4xx_it.o(i.HardFault_Handler) for HardFault_Handler
    startup_stm32f40_41xxx.o(RESET) refers to stm32f4xx_it.o(i.MemManage_Handler) for MemManage_Handler
    startup_stm32f40_41xxx.o(RESET) refers to stm32f4xx_it.o(i.BusFault_Handler) for BusFault_Handler
    startup_stm32f40_41xxx.o(RESET) refers to stm32f4xx_it.o(i.UsageFault_Handler) for UsageFault_Handler
    startup_stm32f40_41xxx.o(RESET) refers to stm32f4xx_it.o(i.SVC_Handler) for SVC_Handler
    startup_stm32f40_41xxx.o(RESET) refers to stm32f4xx_it.o(i.DebugMon_Handler) for DebugMon_Handler
    startup_stm32f40_41xxx.o(RESET) refers to stm32f4xx_it.o(i.PendSV_Handler) for PendSV_Handler
    startup_stm32f40_41xxx.o(RESET) refers to timer.o(i.SysTick_Handler) for SysTick_Handler
    startup_stm32f40_41xxx.o(RESET) refers to gpio.o(i.EXTI0_IRQHandler) for EXTI0_IRQHandler
    startup_stm32f40_41xxx.o(RESET) refers to gpio.o(i.EXTI1_IRQHandler) for EXTI1_IRQHandler
    startup_stm32f40_41xxx.o(RESET) refers to gpio.o(i.EXTI4_IRQHandler) for EXTI4_IRQHandler
    startup_stm32f40_41xxx.o(RESET) refers to uart3.o(i.DMA1_Stream1_IRQHandler) for DMA1_Stream1_IRQHandler
    startup_stm32f40_41xxx.o(RESET) refers to uart3.o(i.DMA1_Stream3_IRQHandler) for DMA1_Stream3_IRQHandler
    startup_stm32f40_41xxx.o(RESET) refers to uart2.o(i.DMA1_Stream5_IRQHandler) for DMA1_Stream5_IRQHandler
    startup_stm32f40_41xxx.o(RESET) refers to uart2.o(i.DMA1_Stream6_IRQHandler) for DMA1_Stream6_IRQHandler
    startup_stm32f40_41xxx.o(RESET) refers to gpio.o(i.EXTI9_5_IRQHandler) for EXTI9_5_IRQHandler
    startup_stm32f40_41xxx.o(RESET) refers to pwm.o(i.TIM4_IRQHandler) for TIM4_IRQHandler
    startup_stm32f40_41xxx.o(RESET) refers to uart1.o(i.USART1_IRQHandler) for USART1_IRQHandler
    startup_stm32f40_41xxx.o(RESET) refers to uart2.o(i.USART2_IRQHandler) for USART2_IRQHandler
    startup_stm32f40_41xxx.o(RESET) refers to uart3.o(i.USART3_IRQHandler) for USART3_IRQHandler
    startup_stm32f40_41xxx.o(RESET) refers to gpio.o(i.EXTI15_10_IRQHandler) for EXTI15_10_IRQHandler
    startup_stm32f40_41xxx.o(RESET) refers to porttimer.o(i.TIM8_BRK_TIM12_IRQHandler) for TIM8_BRK_TIM12_IRQHandler
    startup_stm32f40_41xxx.o(RESET) refers to iwdg.o(i.TIM5_IRQHandler) for TIM5_IRQHandler
    startup_stm32f40_41xxx.o(RESET) refers to portserial.o(i.UART4_IRQHandler) for UART4_IRQHandler
    startup_stm32f40_41xxx.o(RESET) refers to adc1.o(i.DMA2_Stream0_IRQHandler) for DMA2_Stream0_IRQHandler
    startup_stm32f40_41xxx.o(RESET) refers to uart6.o(i.DMA2_Stream2_IRQHandler) for DMA2_Stream2_IRQHandler
    startup_stm32f40_41xxx.o(RESET) refers to uart1.o(i.DMA2_Stream5_IRQHandler) for DMA2_Stream5_IRQHandler
    startup_stm32f40_41xxx.o(RESET) refers to uart6.o(i.DMA2_Stream6_IRQHandler) for DMA2_Stream6_IRQHandler
    startup_stm32f40_41xxx.o(RESET) refers to uart1.o(i.DMA2_Stream7_IRQHandler) for DMA2_Stream7_IRQHandler
    startup_stm32f40_41xxx.o(RESET) refers to uart6.o(i.USART6_IRQHandler) for USART6_IRQHandler
    startup_stm32f40_41xxx.o(.text) refers to system_stm32f4xx.o(i.SystemInit) for SystemInit
    startup_stm32f40_41xxx.o(.text) refers to entry.o(.ARM.Collect$$$$00000000) for __main
    system_stm32f4xx.o(i.SystemCoreClockUpdate) refers to system_stm32f4xx.o(.data) for SystemCoreClock
    system_stm32f4xx.o(i.SystemInit) refers to system_stm32f4xx.o(i.SetSysClock) for SetSysClock
    main.o(i.InitModbus) refers to mb.o(i.eMBInit) for eMBInit
    main.o(i.InitModbus) refers to mb.o(i.eMBEnable) for eMBEnable
    main.o(i.InitSystem) refers to iwdg.o(i.IWDG_Configuration) for IWDG_Configuration
    main.o(i.InitSystem) refers to gpio.o(i.IO_Init) for IO_Init
    main.o(i.InitSystem) refers to timer.o(i.SYS_Timer_Init) for SYS_Timer_Init
    main.o(i.InitSystem) refers to moto_ctrl.o(i.InitLRMotoCtrl) for InitLRMotoCtrl
    main.o(i.InitSystem) refers to main.o(i.InitModbus) for InitModbus
    main.o(i.InitSystem) refers to magnet_comm.o(i.MagnetCommInit) for MagnetCommInit
    main.o(i.InitSystem) refers to uart2.o(i.USART2_Init) for USART2_Init
    main.o(i.InitSystem) refers to uart6.o(i.USART6_Init) for USART6_Init
    main.o(i.InitSystem) refers to adc1.o(i.ADC1_Init) for ADC1_Init
    main.o(i.InitSystem) refers to fs.o(i.FS_Init) for FS_Init
    main.o(i.InitSystem) refers to rgb_led.o(i.RGB_LED_Init) for RGB_LED_Init
    main.o(i.InitSystem) refers to voice.o(i.VoiceInit) for VoiceInit
[...]
    i.eMBRTUInit                             0x080048dc   Section        0  mbrtu.o(i.eMBRTUInit)
    i.eMBRTUReceive                          0x08004934   Section        0  mbrtu.o(i.eMBRTUReceive)
    i.eMBRTUSend                             0x08004984   Section        0  mbrtu.o(i.eMBRTUSend)
    i.eMBRTUStart                            0x08004a34   Section        0  mbrtu.o(i.eMBRTUStart)
    i.eMBRTUStop                             0x08004a58   Section        0  mbrtu.o(i.eMBRTUStop)
    i.eMBRegCoilsCB                          0x08004a70   Section        0  port.o(i.eMBRegCoilsCB)
    i.eMBRegDiscreteCB                       0x08004b08   Section        0  port.o(i.eMBRegDiscreteCB)
    i.eMBRegHoldingCB                        0x08004b68   Section        0  port.o(i.eMBRegHoldingCB)
    i.eMBRegInputCB                          0x08004be0   Section        0  port.o(i.eMBRegInputCB)
    i.fputc                                  0x08004c20   Section        0  uart6.o(i.fputc)
    i.main                                   0x08004c44   Section        0  main.o(i.main)
    i.prveMBError2Exception                  0x08004c6c   Section        0  mbutils.o(i.prveMBError2Exception)
    i.prvucMBBIN2CHAR                        0x08004c8e   Section        0  mbascii.o(i.prvucMBBIN2CHAR)
    prvucMBBIN2CHAR                          0x08004c8f   Thumb Code    34  mbascii.o(i.prvucMBBIN2CHAR)
    i.prvucMBCHAR2BIN                        0x08004cb0   Section        0  mbascii.o(i.prvucMBCHAR2BIN)
    prvucMBCHAR2BIN                          0x08004cb1   Thumb Code    38  mbascii.o(i.prvucMBCHAR2BIN)
    i.prvucMBLRC                             0x08004cd6   Section        0  mbascii.o(i.prvucMBLRC)
    prvucMBLRC                               0x08004cd7   Thumb Code    32  mbascii.o(i.prvucMBLRC)
    i.prvvTIMERExpiredISR                    0x08004cf8   Section        0  porttimer.o(i.prvvTIMERExpiredISR)
    i.prvvUARTRxISR                          0x08004d08   Section        0  portserial.o(i.prvvUARTRxISR)
    i.prvvUARTTxReadyISR                     0x08004d18   Section        0  portserial.o(i.prvvUARTTxReadyISR)
    i.usMBCRC16                              0x08004d28   Section        0  mbcrc.o(i.usMBCRC16)
    i.vMBPortSerialEnable                    0x08004d60   Section        0  portserial.o(i.vMBPortSerialEnable)
    i.vMBPortTimersDisable                   0x08004da4   Section        0  porttimer.o(i.vMBPortTimersDisable)
    i.vMBPortTimersEnable                    0x08004dd0   Section        0  porttimer.o(i.vMBPortTimersEnable)
    i.xMBASCIIReceiveFSM                     0x08004dfc   Section        0  mbascii.o(i.xMBASCIIReceiveFSM)
    i.xMBASCIITimerT1SExpired                0x08004f24   Section        0  mbascii.o(i.xMBASCIITimerT1SExpired)
    i.xMBASCIITransmitFSM                    0x08004f50   Section        0  mbascii.o(i.xMBASCIITransmitFSM)
    i.xMBPortEventInit                       0x08005040   Section        0  portevent.o(i.xMBPortEventInit)
    i.xMBPortEventPost                       0x08005050   Section        0  portevent.o(i.xMBPortEventPost)
    i.xMBPortSerialGetByte                   0x08005068   Section        0  portserial.o(i.xMBPortSerialGetByte)
    i.xMBPortSerialInit                      0x0800507c   Section        0  portserial.o(i.xMBPortSerialInit)
    i.xMBPortSerialPutByte                   0x08005140   Section        0  portserial.o(i.xMBPortSerialPutByte)
    i.xMBPortTimersInit                      0x08005154   Section        0  porttimer.o(i.xMBPortTimersInit)
    i.xMBRTUReceiveFSM                       0x080051c4   Section        0  mbrtu.o(i.xMBRTUReceiveFSM)
    i.xMBRTUTimerT35Expired                  0x0800524c   Section        0  mbrtu.o(i.xMBRTUTimerT35Expired)
    i.xMBRTUTransmitFSM                      0x0800528c   Section        0  mbrtu.o(i.xMBRTUTransmitFSM)
    i.xMBUtilGetBits                         0x080052f8   Section        0  mbutils.o(i.xMBUtilGetBits)
    i.xMBUtilSetBits                         0x08005322   Section        0  mbutils.o(i.xMBUtilSetBits)
    .constdata                               0x08005382   Section      512  crc.o(.constdata)
    .constdata                               0x08005582   Section      512  mbcrc.o(.constdata)
    aucCRCHi                                 0x08005582   Data         256  mbcrc.o(.constdata)
    aucCRCLo                                 0x08005682   Data         256  mbcrc.o(.constdata)
    .data                                    0x20000000   Section       45  car.o(.data)
    Turn_Left_Count_Timer_Index              0x2000001e   Data           1  car.o(.data)
    Turn_Right_Count_Timer_Index             0x2000001f   Data           1  car.o(.data)
    .data                                    0x20000030   Section       18  moto_ctrl.o(.data)
    .data                                    0x20000042   Section        1  magnet_comm.o(.data)
    Magnet_Resend_Timer_Index                0x20000042   Data           1  magnet_comm.o(.data)
    .data                                    0x20000044   Section        9  rgb_led.o(.data)
    Led_Default_Flash_Timer_Index            0x20000044   Data           1  rgb_led.o(.data)
    Led_Flash_Count                          0x2000004c   Data           1  rgb_led.o(.data)
    .data                                    0x2000004d   Section        3  voice.o(.data)
    Voice_Stop_Timer_Index                   0x2000004f   Data           1  voice.o(.data)
    .data                                    0x20000050   Section        8  outsidecomm.o(.data)
    .data                                    0x20000058   Section        2  adc1.o(.data)
    .data                                    0x2000005c   Section       90  gpio.o(.data)
    .data                                    0x200000b8   Section        8  timer.o(.data)
    Open_Sel                                 0x200000b8   Data           1  timer.o(.data)
    .data                                    0x200000c0   Section       16  uart1.o(.data)
    .data                                    0x200000d0   Section       12  uart2.o(.data)
    .data                                    0x200000dc   Section       12  uart3.o(.data)
    .data                                    0x200000e8   Section       12  uart6.o(.data)
    .data                                    0x200000f4   Section       16  iwdg.o(.data)
    .data                                    0x20000104   Section       36  pwm.o(.data)
    .data                                    0x20000128   Section       16  stm32f4xx_rcc.o(.data)
    APBAHBPrescTable                         0x20000128   Data          16  stm32f4xx_rcc.o(.data)
    .data                                    0x20000138   Section      181  mb.o(.data)
    ucMBAddress                              0x20000138   Data           1  mb.o(.data)
    eMBCurrentMode                           0x20000139   Data           1  mb.o(.data)
    eMBState                                 0x2000013a   Data           1  mb.o(.data)
    peMBFrameSendCur                         0x2000013c   Data           4  mb.o(.data)
    pvMBFrameStartCur                        0x20000140   Data           4  mb.o(.data)
    pvMBFrameStopCur                         0x20000144   Data           4  mb.o(.data)
    peMBFrameReceiveCur                      0x20000148   Data           4  mb.o(.data)
    pvMBFrameCloseCur                        0x2000014c   Data           4  mb.o(.data)
    xFuncHandlers                            0x20000164   Data         128  mb.o(.data)
    ucMBFrame                                0x200001e4   Data           4  mb.o(.data)
    ucRcvAddress                             0x200001e8   Data           1  mb.o(.data)
    ucFunctionCode                           0x200001e9   Data           1  mb.o(.data)
    usLength                                 0x200001ea   Data           2  mb.o(.data)
    eException                               0x200001ec   Data           1  mb.o(.data)
    .data                                    0x200001f0   Section       20  mbascii.o(.data)
    eSndState                                0x200001f0   Data           1  mbascii.o(.data)
    eRcvState                                0x200001f1   Data           1  mbascii.o(.data)
    ucASCIIBuf                               0x200001f4   Data           4  mbascii.o(.data)
    usRcvBufferPos                           0x200001f8   Data           2  mbascii.o(.data)
    eBytePos                                 0x200001fa   Data           1  mbascii.o(.data)
    pucSndBufferCur                          0x200001fc   Data           4  mbascii.o(.data)
    usSndBufferCount                         0x20000200   Data           2  mbascii.o(.data)
    ucLRC                                    0x20000202   Data           1  mbascii.o(.data)
    ucMBLFCharacter                          0x20000203   Data           1  mbascii.o(.data)
    .data                                    0x20000204   Section        2  mbfuncother.o(.data)
    usMBSlaveIDLen                           0x20000204   Data           2  mbfuncother.o(.data)
    .data                                    0x20000206   Section       64  port.o(.data)
    .data                                    0x20000246   Section        2  portevent.o(.data)
    eQueuedEvent                             0x20000246   Data           1  portevent.o(.data)
    xEventInQueue                            0x20000247   Data           1  portevent.o(.data)
    .data                                    0x20000248   Section       12  mbrtu.o(.data)
    eSndState                                0x20000248   Data           1  mbrtu.o(.data)
    eRcvState                                0x20000249   Data           1  mbrtu.o(.data)
    pucSndBufferCur                          0x2000024c   Data           4  mbrtu.o(.data)
    usSndBufferCount                         0x20000250   Data           2  mbrtu.o(.data)
    usRcvBufferPos                           0x20000252   Data           2  mbrtu.o(.data)
    .data                                    0x20000254   Section        4  stdout.o(.data)
    .bss                                     0x20000258   Section       60  car.o(.bss)
    .bss                                     0x20000294   Section     1702  fs.o(.bss)
    .bss                                     0x2000093a   Section       70  magnet_comm.o(.bss)
    .bss                                     0x20000980   Section       64  outsidecomm.o(.bss)
    .bss                                     0x200009c0   Section       10  adc1.o(.bss)
    .bss                                     0x200009cc   Section      856  timer.o(.bss)
    .bss                                     0x20000d24   Section      420  uart1.o(.bss)
    .bss                                     0x20000ec8   Section     4120  uart2.o(.bss)
    .bss                                     0x20001ee0   Section     4120  uart3.o(.bss)
    .bss                                     0x20002ef8   Section     2120  uart6.o(.bss)
    .bss                                     0x20003740   Section       32  mbfuncother.o(.bss)
    ucMBSlaveID                              0x20003740   Data          32  mbfuncother.o(.bss)
    .bss                                     0x20003760   Section       32  port.o(.bss)
    .bss                                     0x20003780   Section      256  mbrtu.o(.bss)
    STACK                                    0x20003880   Section     1024  startup_stm32f40_41xxx.o(STACK)

    Global Symbols

    Symbol Name                              Value     Ov Type        Size  Object(Section)

    BuildAttributes$$THM_ISAv4$E$P$D$K$B$S$7EM$VFPi3$EXTD16$VFPS$VFMA$PE$A:L22UL41UL21$X:L11$S22US41US21$IEEE1$IW$USESV6$~STKCKD$USESV7$~SHL$OSPACE$ROPI$EBA8$MICROLIB$REQ8$PRES8$EABIv2 0x00000000   Number         0  anon$$obj.o ABSOLUTE
    __ARM_use_no_argv                        0x00000000   Number         0  main.o ABSOLUTE
    _printf_a                                0x00000000   Number         0  stubs.o ABSOLUTE
    _printf_c                                0x00000000   Number         0  stubs.o ABSOLUTE
    _printf_charcount                        0x00000000   Number         0  stubs.o ABSOLUTE
    _printf_d                                0x00000000   Number         0  stubs.o ABSOLUTE
    _printf_e                                0x00000000   Number         0  stubs.o ABSOLUTE
    _printf_f                                0x00000000   Number         0  stubs.o ABSOLUTE
    _printf_flags                            0x00000000   Number         0  stubs.o ABSOLUTE
    _printf_fp_dec                           0x00000000   Number         0  stubs.o ABSOLUTE
    _printf_fp_hex                           0x00000000   Number         0  stubs.o ABSOLUTE
    _printf_g                                0x00000000   Number         0  stubs.o ABSOLUTE
    _printf_i                                0x00000000   Number         0  stubs.o ABSOLUTE
    _printf_int_dec                          0x00000000   Number         0  stubs.o ABSOLUTE
    _printf_l                                0x00000000   Number         0  stubs.o ABSOLUTE
    _printf_lc                               0x00000000   Number         0  stubs.o ABSOLUTE
    _printf_ll                               0x00000000   Number         0  stubs.o ABSOLUTE
    _printf_lld                              0x00000000   Number         0  stubs.o ABSOLUTE
    _printf_lli                              0x00000000   Number         0  stubs.o ABSOLUTE
    _printf_llo                              0x00000000   Number         0  stubs.o ABSOLUTE
    _printf_llu                              0x00000000   Number         0  stubs.o ABSOLUTE
    _printf_llx                              0x00000000   Number         0  stubs.o ABSOLUTE
    _printf_longlong_dec                     0x00000000   Number         0  stubs.o ABSOLUTE
    _printf_longlong_hex                     0x00000000   Number         0  stubs.o ABSOLUTE
    _printf_longlong_oct                     0x00000000   Number         0  stubs.o ABSOLUTE
    _printf_ls                               0x00000000   Number         0  stubs.o ABSOLUTE
    _printf_mbtowc                           0x00000000   Number         0  stubs.o ABSOLUTE
    _printf_n                                0x00000000   Number         0  stubs.o ABSOLUTE
    _printf_o                                0x00000000   Number         0  stubs.o ABSOLUTE
    _printf_p                                0x00000000   Number         0  stubs.o ABSOLUTE
    _printf_percent                          0x00000000   Number         0  stubs.o ABSOLUTE
    _printf_pre_padding                      0x00000000   Number         0  stubs.o ABSOLUTE
    _printf_return_value                     0x00000000   Number         0  stubs.o ABSOLUTE
    _printf_s                                0x00000000   Number         0  stubs.o ABSOLUTE
    _printf_sizespec                         0x00000000   Number         0  stubs.o ABSOLUTE
    _printf_str                              0x00000000   Number         0  stubs.o ABSOLUTE
    _printf_truncate_signed                  0x00000000   Number         0  stubs.o ABSOLUTE
    _printf_truncate_unsigned                0x00000000   Number         0  stubs.o ABSOLUTE
    _printf_u                                0x00000000   Number         0  stubs.o ABSOLUTE
    _printf_wc                               0x00000000   Number         0  stubs.o ABSOLUTE
    _printf_wctomb                           0x00000000   Number         0  stubs.o ABSOLUTE
    _printf_widthprec                        0x00000000   Number         0  stubs.o ABSOLUTE
    _printf_x                                0x00000000   Number         0  stubs.o ABSOLUTE
    __cpp_initialize__aeabi_                  - Undefined Weak Reference
    __cxa_finalize                            - Undefined Weak Reference
    _clock_init                               - Undefined Weak Reference
    _microlib_exit                            - Undefined Weak Reference
    __Vectors_Size                           0x00000188   Number         0  startup_stm32f40_41xxx.o ABSOLUTE
    __Vectors                                0x08000000   Data           4  startup_stm32f40_41xxx.o(RESET)
    __Vectors_End                            0x08000188   Data           0  startup_stm32f40_41xxx.o(RESET)
    __main                                   0x08000189   Thumb Code     0  entry.o(.ARM.Collect$$$$00000000)
    _main_stk                                0x08000189   Thumb Code     0  entry2.o(.ARM.Collect$$$$00000001)
    _main_scatterload                        0x0800018d   Thumb Code     0  entry5.o(.ARM.Collect$$$$00000004)
    __main_after_scatterload                 0x08000191   Thumb Code     0  entry5.o(.ARM.Collect$$$$00000004)
    _main_clock                              0x08000191   Thumb Code     0  entry7b.o(.ARM.Collect$$$$00000008)
    _main_cpp_init                           0x08000191   Thumb Code     0  entry8b.o(.ARM.Collect$$$$0000000A)
    _main_init                               0x08000191   Thumb Code     0  entry9a.o(.ARM.Collect$$$$0000000B)
    __rt_final_cpp                           0x08000199   Thumb Code     0  entry10a.o(.ARM.Collect$$$$0000000D)
    __rt_final_exit                          0x08000199   Thumb Code     0  entry11a.o(.ARM.Collect$$$$0000000F)
    Reset_Handler                            0x0800019d   Thumb Code     8  startup_stm32f40_41xxx.o(.text)
    ADC_IRQHandler                           0x080001b7   Thumb Code     0  startup_stm32f40_41xxx.o(.text)
    CAN1_RX0_IRQHandler                      0x080001b7   Thumb Code     0  startup_stm32f40_41xxx.o(.text)
    CAN1_RX1_IRQHandler                      0x080001b7   Thumb Code     0  startup_stm32f40_41xxx.o(.text)
    CAN1_SCE_IRQHandler                      0x080001b7   Thumb Code     0  startup_stm32f40_41xxx.o(.text)
    CAN1_TX_IRQHandler                       0x080001b7   Thumb Code     0  startup_stm32f40_41xxx.o(.text)
    CAN2_RX0_IRQHandler                      0x080001b7   Thumb Code     0  startup_stm32f40_41xxx.o(.text)
    CAN2_RX1_IRQHandler                      0x080001b7   Thumb Code     0  startup_stm32f40_41xxx.o(.text)
    CAN2_SCE_IRQHandler                      0x080001b7   Thumb Code     0  startup_stm32f40_41xxx.o(.text)
    CAN2_TX_IRQHandler                       0x080001b7   Thumb Code     0  startup_stm32f40_41xxx.o(.text)
    CRYP_IRQHandler                          0x080001b7   Thumb Code     0  startup_stm32f40_41xxx.o(.text)
    DCMI_IRQHandler                          0x080001b7   Thumb Code     0  startup_stm32f40_41xxx.o(.text)
    DMA1_Stream0_IRQHandler                  0x080001b7   Thumb Code     0  startup_stm32f40_41xxx.o(.text)
    DMA1_Stream2_IRQHandler                  0x080001b7   Thumb Code     0  startup_stm32f40_41xxx.o(.text)
    DMA1_Stream4_IRQHandler                  0x080001b7   Thumb Code     0  startup_stm32f40_41xxx.o(.text)
    DMA1_Stream7_IRQHandler                  0x080001b7   Thumb Code     0  startup_stm32f40_41xxx.o(.text)
    DMA2_Stream1_IRQHandler                  0x080001b7   Thumb Code     0  startup_stm32f40_41xxx.o(.text)
    DMA2_Stream3_IRQHandler                  0x080001b7   Thumb Code     0  startup_stm32f40_41xxx.o(.text)
    DMA2_Stream4_IRQHandler                  0x080001b7   Thumb Code     0  startup_stm32f40_41xxx.o(.text)
    ETH_IRQHandler                           0x080001b7   Thumb Code     0  startup_stm32f40_41xxx.o(.text)
    ETH_WKUP_IRQHandler                      0x080001b7   Thumb Code     0  startup_stm32f40_41xxx.o(.text)
    EXTI2_IRQHandler                         0x080001b7   Thumb Code     0  startup_stm32f40_41xxx.o(.text)
    EXTI3_IRQHandler                         0x080001b7   Thumb Code     0  startup_stm32f40_41xxx.o(.text)
    FLASH_IRQHandler                         0x080001b7   Thumb Code     0  startup_stm32f40_41xxx.o(.text)
    FPU_IRQHandler                           0x080001b7   Thumb Code     0  startup_stm32f40_41xxx.o(.text)
    FSMC_IRQHandler                          0x080001b7   Thumb Code     0  startup_stm32f40_41xxx.o(.text)
    HASH_RNG_IRQHandler                      0x080001b7   Thumb Code     0  startup_stm32f40_41xxx.o(.text)
    I2C1_ER_IRQHandler                       0x080001b7   Thumb Code     0  startup_stm32f40_41xxx.o(.text)
    I2C1_EV_IRQHandler                       0x080001b7   Thumb Code     0  startup_stm32f40_41xxx.o(.text)
    I2C2_ER_IRQHandler                       0x080001b7   Thumb Code     0  startup_stm32f40_41xxx.o(.text)
    I2C2_EV_IRQHandler                       0x080001b7   Thumb Code     0  startup_stm32f40_41xxx.o(.text)
    I2C3_ER_IRQHandler                       0x080001b7   Thumb Code     0  startup_stm32f40_41xxx.o(.text)
    I2C3_EV_IRQHandler                       0x080001b7   Thumb Code     0  startup_stm32f40_41xxx.o(.text)
    OTG_FS_IRQHandler                        0x080001b7   Thumb Code     0  startup_stm32f40_41xxx.o(.text)
    OTG_FS_WKUP_IRQHandler                   0x080001b7   Thumb Code     0  startup_stm32f40_41xxx.o(.text)
    OTG_HS_EP1_IN_IRQHandler                 0x080001b7   Thumb Code     0  startup_stm32f40_41xxx.o(.text)
    OTG_HS_EP1_OUT_IRQHandler                0x080001b7   Thumb Code     0  startup_stm32f40_41xxx.o(.text)
    OTG_HS_IRQHandler                        0x080001b7   Thumb Code     0  startup_stm32f40_41xxx.o(.text)
    OTG_HS_WKUP_IRQHandler                   0x080001b7   Thumb Code     0  startup_stm32f40_41xxx.o(.text)
    PVD_IRQHandler                           0x080001b7   Thumb Code     0  startup_stm32f40_41xxx.o(.text)
    RCC_IRQHandler                           0x080001b7   Thumb Code     0  startup_stm32f40_41xxx.o(.text)
    RTC_Alarm_IRQHandler                     0x080001b7   Thumb Code     0  startup_stm32f40_41xxx.o(.text)
    RTC_WKUP_IRQHandler                      0x080001b7   Thumb Code     0  startup_stm32f40_41xxx.o(.text)
    SDIO_IRQHandler                          0x080001b7   Thumb Code     0  startup_stm32f40_41xxx.o(.text)
    SPI1_IRQHandler                          0x080001b7   Thumb Code     0  startup_stm32f40_41xxx.o(.text)
    SPI2_IRQHandler                          0x080001b7   Thumb Code     0  startup_stm32f40_41xxx.o(.text)
    SPI3_IRQHandler                          0x080001b7   Thumb Code     0  startup_stm32f40_41xxx.o(.text)
    TAMP_STAMP_IRQHandler                    0x080001b7   Thumb Code     0  startup_stm32f40_41xxx.o(.text)
    TIM1_BRK_TIM9_IRQHandler                 0x080001b7   Thumb Code     0  startup_stm32f40_41xxx.o(.text)
    TIM1_CC_IRQHandler                       0x080001b7   Thumb Code     0  startup_stm32f40_41xxx.o(.text)
    TIM1_TRG_COM_TIM11_IRQHandler            0x080001b7   Thumb Code     0  startup_stm32f40_41xxx.o(.text)
    TIM1_UP_TIM10_IRQHandler                 0x080001b7   Thumb Code     0  startup_stm32f40_41xxx.o(.text)
    TIM2_IRQHandler                          0x080001b7   Thumb Code     0  startup_stm32f40_41xxx.o(.text)
    TIM3_IRQHandler                          0x080001b7   Thumb Code     0  startup_stm32f40_41xxx.o(.text)
    TIM6_DAC_IRQHandler                      0x080001b7   Thumb Code     0  startup_stm32f40_41xxx.o(.text)
    TIM7_IRQHandler                          0x080001b7   Thumb Code     0  startup_stm32f40_41xxx.o(.text)
    TIM8_CC_IRQHandler                       0x080001b7   Thumb Code     0  startup_stm32f40_41xxx.o(.text)
    TIM8_TRG_COM_TIM14_IRQHandler            0x080001b7   Thumb Code     0  startup_stm32f40_41xxx.o(.text)
    TIM8_UP_TIM13_IRQHandler                 0x080001b7   Thumb Code     0  startup_stm32f40_41xxx.o(.text)
    UART5_IRQHandler                         0x080001b7   Thumb Code     0  startup_stm32f40_41xxx.o(.text)
    WWDG_IRQHandler                          0x080001b7   Thumb Code     0  startup_stm32f40_41xxx.o(.text)
    __aeabi_memcpy                           0x080001c1   Thumb Code    36  memcpya.o(.text)
    __aeabi_memcpy4                          0x080001c1   Thumb Code     0  memcpya.o(.text)
    __aeabi_memcpy8                          0x080001c1   Thumb Code     0  memcpya.o(.text)
    __aeabi_memset                           0x080001e5   Thumb Code    14  memseta.o(.text)
    __aeabi_memset4                          0x080001e5   Thumb Code     0  memseta.o(.text)
    __aeabi_memset8                          0x080001e5   Thumb Code     0  memseta.o(.text)
    __aeabi_memclr                           0x080001f3   Thumb Code     4  memseta.o(.text)
    __aeabi_memclr4                          0x080001f3   Thumb Code     0  memseta.o(.text)
    __aeabi_memclr8                          0x080001f3   Thumb Code     0  memseta.o(.text)
    _memset$wrapper                          0x080001f7   Thumb Code    18  memseta.o(.text)
    strcmp                                   0x08000209   Thumb Code    28  strcmp.o(.text)
    __aeabi_uidiv                            0x08000225   Thumb Code     0  uidiv.o(.text)
    __aeabi_uidivmod                         0x08000225   Thumb Code    44  uidiv.o(.text)
    __scatterload                            0x08000251   Thumb Code    28  init.o(.text)
    __scatterload_rt2                        0x08000251   Thumb Code     0  init.o(.text)
    __decompress                             0x08000275   Thumb Code     0  __dczerorl2.o(.text)
    __decompress1                            0x08000275   Thumb Code    86  __dczerorl2.o(.text)
    ADC1_Init                                0x080002cd   Thumb Code   278  adc1.o(i.ADC1_Init)
    ADC_Cmd                                  0x080003f9   Thumb Code    22  stm32f4xx_adc.o(i.ADC_Cmd)
    ADC_CommonInit                           0x08000411   Thumb Code    34  stm32f4xx_adc.o(i.ADC_CommonInit)
    ADC_DMACmd                               0x08000441   Thumb Code    22  stm32f4xx_adc.o(i.ADC_DMACmd)
    ADC_DMARequestAfterLastTransferCmd       0x08000457   Thumb Code    22  stm32f4xx_adc.o(i.ADC_DMARequestAfterLastTransferCmd)
    ADC_DeInit                               0x0800046d   Thumb Code    22  stm32f4xx_adc.o(i.ADC_DeInit)
    ADC_Init                                 0x08000485   Thumb Code    74  stm32f4xx_adc.o(i.ADC_Init)
    ADC_RegularChannelConfig                 0x080004d9   Thumb Code   184  stm32f4xx_adc.o(i.ADC_RegularChannelConfig)
    ADC_SoftwareStartConv                    0x08000591   Thumb Code    10  stm32f4xx_adc.o(i.ADC_SoftwareStartConv)
    Average                                  0x0800059d   Thumb Code   210  adc1.o(i.Average)
    BusFault_Handler                         0x08000679   Thumb Code     4  stm32f4xx_it.o(i.BusFault_Handler)
    CalcCRC                                  0x0800067d   Thumb Code    42  crc.o(i.CalcCRC)
    DBGMCU_APB1PeriphConfig                  0x080006ad   Thumb Code    26  stm32f4xx_dbgmcu.o(i.DBGMCU_APB1PeriphConfig)
    DMA1_Stream1_IRQHandler                  0x080006cd   Thumb Code   148  uart3.o(i.DMA1_Stream1_IRQHandler)
    DMA1_Stream3_IRQHandler                  0x08000781   Thumb Code    46  uart3.o(i.DMA1_Stream3_IRQHandler)
    DMA1_Stream5_IRQHandler                  0x080007bd   Thumb Code   148  uart2.o(i.DMA1_Stream5_IRQHandler)
    DMA1_Stream6_IRQHandler                  0x08000871   Thumb Code    44  uart2.o(i.DMA1_Stream6_IRQHandler)
    DMA2_Stream0_IRQHandler                  0x080008ad   Thumb Code    34  adc1.o(i.DMA2_Stream0_IRQHandler)
    DMA2_Stream2_IRQHandler                  0x080008dd   Thumb Code   148  uart6.o(i.DMA2_Stream2_IRQHandler)
    DMA2_Stream5_IRQHandler                  0x08000991   Thumb Code   146  uart1.o(i.DMA2_Stream5_IRQHandler)
    DMA2_Stream6_IRQHandler                  0x08000a45   Thumb Code    44  uart6.o(i.DMA2_Stream6_IRQHandler)
    DMA2_Stream7_IRQHandler                  0x08000a81   Thumb Code    54  uart1.o(i.DMA2_Stream7_IRQHandler)
    DMA_ClearFlag                            0x08000ac9   Thumb Code    38  stm32f4xx_dma.o(i.DMA_ClearFlag)
    DMA_Cmd                                  0x08000afd   Thumb Code    22  stm32f4xx_dma.o(i.DMA_Cmd)
    DMA_DeInit                               0x08000b15   Thumb Code   324  stm32f4xx_dma.o(i.DMA_DeInit)
    DMA_GetCurrDataCounter                   0x08000c6d   Thumb Code     8  stm32f4xx_dma.o(i.DMA_GetCurrDataCounter)
    DMA_GetITStatus                          0x08000c75   Thumb Code    82  stm32f4xx_dma.o(i.DMA_GetITStatus)
    DMA_ITConfig                             0x08000cd9   Thumb Code    58  stm32f4xx_dma.o(i.DMA_ITConfig)
    DMA_Init                                 0x08000d15   Thumb Code    82  stm32f4xx_dma.o(i.DMA_Init)
    DMA_SetCurrDataCounter                   0x08000d6d   Thumb Code     4  stm32f4xx_dma.o(i.DMA_SetCurrDataCounter)
    DMA_StructInit                           0x08000d71   Thumb Code    34  stm32f4xx_dma.o(i.DMA_StructInit)
    DebugMon_Handler                         0x08000d93   Thumb Code     2  stm32f4xx_it.o(i.DebugMon_Handler)
    Delay                                    0x08000d95   Thumb Code    74  timer.o(i.Delay)
    ENTER_CRITICAL_SECTION                   0x08000de5   Thumb Code    10  port.o(i.ENTER_CRITICAL_SECTION)
    EXIT_CRITICAL_SECTION                    0x08000def   Thumb Code    10  port.o(i.EXIT_CRITICAL_SECTION)
    EXTI0_IRQHandler                         0x08000df9   Thumb Code    24  gpio.o(i.EXTI0_IRQHandler)
    EXTI15_10_IRQHandler                     0x08000e15   Thumb Code   138  gpio.o(i.EXTI15_10_IRQHandler)
    EXTI1_IRQHandler                         0x08000ea5   Thumb Code    24  gpio.o(i.EXTI1_IRQHandler)
    EXTI4_IRQHandler                         0x08000ec1   Thumb Code    24  gpio.o(i.EXTI4_IRQHandler)
    EXTI9_5_IRQHandler                       0x08000edd   Thumb Code    60  gpio.o(i.EXTI9_5_IRQHandler)
    EXTI_ClearITPendingBit                   0x08000f1d   Thumb Code     6  stm32f4xx_exti.o(i.EXTI_ClearITPendingBit)
    EXTI_GetITStatus                         0x08000f29   Thumb Code    20  stm32f4xx_exti.o(i.EXTI_GetITStatus)
    EXTI_Init                                0x08000f41   Thumb Code   142  stm32f4xx_exti.o(i.EXTI_Init)
    FS_Init                                  0x08000fd5   Thumb Code   182  fs.o(i.FS_Init)
    Free_Timer                               0x08001189   Thumb Code    64  timer.o(i.Free_Timer)
    GPIO_Init                                0x080011cd   Thumb Code   144  stm32f4xx_gpio.o(i.GPIO_Init)
    GPIO_PinAFConfig                         0x0800125d   Thumb Code    70  stm32f4xx_gpio.o(i.GPIO_PinAFConfig)
    GPIO_ResetBits                           0x080012a3   Thumb Code     4  stm32f4xx_gpio.o(i.GPIO_ResetBits)
    GPIO_SetBits                             0x080012a7   Thumb Code     4  stm32f4xx_gpio.o(i.GPIO_SetBits)
    GPIO_ToggleBits                          0x080012ab   Thumb Code     8  stm32f4xx_gpio.o(i.GPIO_ToggleBits)
    GetLSIFrequency                          0x080012b5   Thumb Code   210  iwdg.o(i.GetLSIFrequency)
    HardFault_Handler                        0x08001399   Thumb Code     4  stm32f4xx_it.o(i.HardFault_Handler)
    IO_Init                                  0x0800139d   Thumb Code  1304  gpio.o(i.IO_Init)
    IWDG_Configuration                       0x080018c9   Thumb Code    66  iwdg.o(i.IWDG_Configuration)
    IWDG_Enable                              0x08001911   Thumb Code    10  stm32f4xx_iwdg.o(i.IWDG_Enable)
    IWDG_ReloadCounter                       0x08001921   Thumb Code    10  stm32f4xx_iwdg.o(i.IWDG_ReloadCounter)
    IWDG_SetPrescaler                        0x08001931   Thumb Code     6  stm32f4xx_iwdg.o(i.IWDG_SetPrescaler)
    IWDG_SetReload                           0x0800193d   Thumb Code     6  stm32f4xx_iwdg.o(i.IWDG_SetReload)
    IWDG_WriteAccessCmd                      0x08001949   Thumb Code     6  stm32f4xx_iwdg.o(i.IWDG_WriteAccessCmd)
    InitLRMotoCtrl                           0x08001955   Thumb Code    74  moto_ctrl.o(i.InitLRMotoCtrl)
    InitModbus                               0x080019ad   Thumb Code    24  main.o(i.InitModbus)
    InitSystem                               0x080019c5   Thumb Code    92  main.o(i.InitSystem)
    Init_SYSTICK                             0x08001a25   Thumb Code    86  timer.o(i.Init_SYSTICK)
    MagnetCommInit                           0x08001a89   Thumb Code    32  magnet_comm.o(i.MagnetCommInit)
    MagnetReport                             0x08001aad   Thumb Code    24  magnet_comm.o(i.MagnetReport)
    MagnetSendCommData                       0x08001ac5   Thumb Code   132  magnet_comm.o(i.MagnetSendCommData)
    MagnetSendData                           0x08001b55   Thumb Code    16  magnet_comm.o(i.MagnetSendData)
    MagnetSendTimeout                        0x08001b65   Thumb Code    64  magnet_comm.o(i.MagnetSendTimeout)
    Main_Loop_Process                        0x08001bad   Thumb Code    44  loop.o(i.Main_Loop_Process)
    Malloc_Timer                             0x08001c01   Thumb Code   234  timer.o(i.Malloc_Timer)
    MemManage_Handler                        0x08001cf9   Thumb Code     4  stm32f4xx_it.o(i.MemManage_Handler)
    NMI_Handler                              0x08001cfd   Thumb Code     2  stm32f4xx_it.o(i.NMI_Handler)
    NVIC_Init                                0x08001d01   Thumb Code   106  misc.o(i.NVIC_Init)
    NVIC_PriorityGroupConfig                 0x08001d79   Thumb Code    10  misc.o(i.NVIC_PriorityGroupConfig)
    Open_SYSTICK                             0x08001d8d   Thumb Code    10  timer.o(i.Open_SYSTICK)
    OutsideCommInit                          0x08001d99   Thumb Code    66  outsidecomm.o(i.OutsideCommInit)
    Para_Init                                0x08001de5   Thumb Code   100  car.o(i.Para_Init)
    PendSV_Handler                           0x08001e59   Thumb Code     2  stm32f4xx_it.o(i.PendSV_Handler)
    RCC_AHB1PeriphClockCmd                   0x08001e5d   Thumb Code    26  stm32f4xx_rcc.o(i.RCC_AHB1PeriphClockCmd)
    RCC_APB1PeriphClockCmd                   0x08001e7d   Thumb Code    26  stm32f4xx_rcc.o(i.RCC_APB1PeriphClockCmd)
    RCC_APB1PeriphResetCmd                   0x08001e9d   Thumb Code    26  stm32f4xx_rcc.o(i.RCC_APB1PeriphResetCmd)
    RCC_APB2PeriphClockCmd                   0x08001ebd   Thumb Code    26  stm32f4xx_rcc.o(i.RCC_APB2PeriphClockCmd)
    RCC_APB2PeriphResetCmd                   0x08001edd   Thumb Code    26  stm32f4xx_rcc.o(i.RCC_APB2PeriphResetCmd)
    RCC_GetClocksFreq                        0x08001efd   Thumb Code   214  stm32f4xx_rcc.o(i.RCC_GetClocksFreq)
    RCC_GetFlagStatus                        0x08001fe1   Thumb Code    60  stm32f4xx_rcc.o(i.RCC_GetFlagStatus)
    RCC_LSICmd                               0x08002021   Thumb Code     6  stm32f4xx_rcc.o(i.RCC_LSICmd)
    RGB_LED_Init                             0x0800202d   Thumb Code    30  rgb_led.o(i.RGB_LED_Init)
    RefreshLastCarPara                       0x08002051   Thumb Code   116  car.o(i.RefreshLastCarPara)
    SPI2_Init                                0x080020d1   Thumb Code   230  spi2.o(i.SPI2_Init)
    SPI_Cmd                                  0x080021c1   Thumb Code    24  stm32f4xx_spi.o(i.SPI_Cmd)
    SPI_FLASH_Write_Enable                   0x080021d9   Thumb Code    30  w25x16.o(i.SPI_FLASH_Write_Enable)
    SPI_Flash_Erase_Sector                   0x080021fd   Thumb Code    68  w25x16.o(i.SPI_Flash_Erase_Sector)
    SPI_Flash_Init                           0x08002245   Thumb Code     8  w25x16.o(i.SPI_Flash_Init)
    SPI_Flash_Read                           0x0800224d   Thumb Code    82  w25x16.o(i.SPI_Flash_Read)
    SPI_Flash_ReadID                         0x080022a5   Thumb Code    70  w25x16.o(i.SPI_Flash_ReadID)
    SPI_Flash_ReadSR                         0x080022f1   Thumb Code    42  w25x16.o(i.SPI_Flash_ReadSR)
    SPI_Flash_Wait_Busy                      0x08002321   Thumb Code    18  w25x16.o(i.SPI_Flash_Wait_Busy)
    SPI_Flash_Write                          0x08002333   Thumb Code    46  w25x16.o(i.SPI_Flash_Write)
    SPI_Flash_Write_NoCheck                  0x08002361   Thumb Code    70  w25x16.o(i.SPI_Flash_Write_NoCheck)
    SPI_Flash_Write_Page                     0x080023a9   Thumb Code    88  w25x16.o(i.SPI_Flash_Write_Page)
    SPI_I2S_GetFlagStatus                    0x08002405   Thumb Code    18  stm32f4xx_spi.o(i.SPI_I2S_GetFlagStatus)
    SPI_I2S_ReceiveData                      0x08002417   Thumb Code     6  stm32f4xx_spi.o(i.SPI_I2S_ReceiveData)
    SPI_I2S_SendData                         0x0800241d   Thumb Code     4  stm32f4xx_spi.o(i.SPI_I2S_SendData)
    SPI_Init                                 0x08002421   Thumb Code    60  stm32f4xx_spi.o(i.SPI_Init)
    SVC_Handler                              0x0800245d   Thumb Code     2  stm32f4xx_it.o(i.SVC_Handler)
    SYSCFG_EXTILineConfig                    0x08002461   Thumb Code    60  stm32f4xx_syscfg.o(i.SYSCFG_EXTILineConfig)
    SYS_Timer_Init                           0x080024a1   Thumb Code    26  timer.o(i.SYS_Timer_Init)
    SYS_Timer_Open                           0x080024c5   Thumb Code     8  timer.o(i.SYS_Timer_Open)
    SetLedColor                              0x080024cd   Thumb Code   348  rgb_led.o(i.SetLedColor)
    SetSpeakMute                             0x08002631   Thumb Code    44  voice.o(i.SetSpeakMute)
    SetSpeakSwitch                           0x08002661   Thumb Code    20  voice.o(i.SetSpeakSwitch)
    Set_Moto_Speed                           0x08002789   Thumb Code    26  moto_ctrl.o(i.Set_Moto_Speed)
    SysTick_Handler                          0x080027ad   Thumb Code     8  timer.o(i.SysTick_Handler)
    SystemInit                               0x080027b5   Thumb Code    88  system_stm32f4xx.o(i.SystemInit)
    TIM1_ENC_Init                            0x08002941   Thumb Code   164  pwm.o(i.TIM1_ENC_Init)
    TIM3_ENC_Init                            0x080029ed   Thumb Code   172  pwm.o(i.TIM3_ENC_Init)
    TIM4_IRQHandler                          0x08002aa1   Thumb Code   208  pwm.o(i.TIM4_IRQHandler)
    TIM5_IRQHandler                          0x08002b9d   Thumb Code    78  iwdg.o(i.TIM5_IRQHandler)
    TIM8_BRK_TIM12_IRQHandler                0x08002bfd   Thumb Code    26  porttimer.o(i.TIM8_BRK_TIM12_IRQHandler)
    TIM_ARRPreloadConfig                     0x08002c1d   Thumb Code    24  stm32f4xx_tim.o(i.TIM_ARRPreloadConfig)
    TIM_ClearFlag                            0x08002c35   Thumb Code     6  stm32f4xx_tim.o(i.TIM_ClearFlag)
    TIM_ClearITPendingBit                    0x08002c3b   Thumb Code     6  stm32f4xx_tim.o(i.TIM_ClearITPendingBit)
    TIM_Cmd                                  0x08002c41   Thumb Code    24  stm32f4xx_tim.o(i.TIM_Cmd)
    TIM_DeInit                               0x08002c59   Thumb Code   346  stm32f4xx_tim.o(i.TIM_DeInit)
    TIM_EncoderInterfaceConfig               0x08002de9   Thumb Code    66  stm32f4xx_tim.o(i.TIM_EncoderInterfaceConfig)
    TIM_GetCapture3                          0x08002e2b   Thumb Code     6  stm32f4xx_tim.o(i.TIM_GetCapture3)
    TIM_GetCapture4                          0x08002e31   Thumb Code     6  stm32f4xx_tim.o(i.TIM_GetCapture4)
    TIM_GetITStatus                          0x08002e37   Thumb Code    34  stm32f4xx_tim.o(i.TIM_GetITStatus)
    TIM_ICInit                               0x08002e59   Thumb Code   110  stm32f4xx_tim.o(i.TIM_ICInit)
    TIM_ICStructInit                         0x08002ec7   Thumb Code    18  stm32f4xx_tim.o(i.TIM_ICStructInit)
    TIM_ITConfig                             0x08002ed9   Thumb Code    18  stm32f4xx_tim.o(i.TIM_ITConfig)
    TIM_PrescalerConfig                      0x08002eeb   Thumb Code     6  stm32f4xx_tim.o(i.TIM_PrescalerConfig)
    TIM_RemapConfig                          0x08002ef1   Thumb Code     6  stm32f4xx_tim.o(i.TIM_RemapConfig)
    TIM_SetCounter                           0x08002ef7   Thumb Code     4  stm32f4xx_tim.o(i.TIM_SetCounter)
    TIM_SetIC1Prescaler                      0x08002efb   Thumb Code    18  stm32f4xx_tim.o(i.TIM_SetIC1Prescaler)
    TIM_SetIC2Prescaler                      0x08002f0d   Thumb Code    26  stm32f4xx_tim.o(i.TIM_SetIC2Prescaler)
    TIM_SetIC3Prescaler                      0x08002f27   Thumb Code    18  stm32f4xx_tim.o(i.TIM_SetIC3Prescaler)
    TIM_SetIC4Prescaler                      0x08002f39   Thumb Code    26  stm32f4xx_tim.o(i.TIM_SetIC4Prescaler)
    TIM_TimeBaseInit                         0x08002f55   Thumb Code   104  stm32f4xx_tim.o(i.TIM_TimeBaseInit)
    TIM_TimeBaseStructInit                   0x08002fd9   Thumb Code    18  stm32f4xx_tim.o(i.TIM_TimeBaseStructInit)
    TimeDec                                  0x08002fed   Thumb Code   172  timer.o(i.TimeDec)
    UART4_IRQHandler                         0x0800309d   Thumb Code    56  portserial.o(i.UART4_IRQHandler)
    USART1_IRQHandler                        0x080030d9   Thumb Code   250  uart1.o(i.USART1_IRQHandler)
    USART1_Init                              0x080031f1   Thumb Code   214  uart1.o(i.USART1_Init)
    USART1_RX_DMA                            0x080032d5   Thumb Code   170  uart1.o(i.USART1_RX_DMA)
    USART1_Send_Str                          0x08003395   Thumb Code    46  uart1.o(i.USART1_Send_Str)
    USART1_TX_DMA                            0x080033d1   Thumb Code   136  uart1.o(i.USART1_TX_DMA)
    USART2_IRQHandler                        0x08003465   Thumb Code   270  uart2.o(i.USART2_IRQHandler)
    USART2_Init                              0x08003595   Thumb Code   214  uart2.o(i.USART2_Init)
    USART2_RX_DMA                            0x08003679   Thumb Code   172  uart2.o(i.USART2_RX_DMA)
    USART2_TX_DMA                            0x08003739   Thumb Code   140  uart2.o(i.USART2_TX_DMA)
    USART3_IRQHandler                        0x080037d1   Thumb Code   270  uart3.o(i.USART3_IRQHandler)
    USART6_IRQHandler                        0x08003901   Thumb Code   258  uart6.o(i.USART6_IRQHandler)
    USART6_Init                              0x08003a21   Thumb Code   228  uart6.o(i.USART6_Init)
    USART6_RX_DMA                            0x08003b11   Thumb Code   172  uart6.o(i.USART6_RX_DMA)
    USART6_TX_DMA                            0x08003bd1   Thumb Code   136  uart6.o(i.USART6_TX_DMA)
    USART_ClearFlag                          0x08003c65   Thumb Code    18  stm32f4xx_usart.o(i.USART_ClearFlag)
    USART_ClearITPendingBit                  0x08003c77   Thumb Code    30  stm32f4xx_usart.o(i.USART_ClearITPendingBit)
    USART_ClockInit                          0x08003c95   Thumb Code    32  stm32f4xx_usart.o(i.USART_ClockInit)
    USART_ClockStructInit                    0x08003cb5   Thumb Code    12  stm32f4xx_usart.o(i.USART_ClockStructInit)
    USART_Cmd                                0x08003cc1   Thumb Code    24  stm32f4xx_usart.o(i.USART_Cmd)
    USART_DMACmd                             0x08003cd9   Thumb Code    18  stm32f4xx_usart.o(i.USART_DMACmd)
    USART_GetFlagStatus                      0x08003ceb   Thumb Code    26  stm32f4xx_usart.o(i.USART_GetFlagStatus)
    USART_GetITStatus                        0x08003d05   Thumb Code    84  stm32f4xx_usart.o(i.USART_GetITStatus)
    USART_ITConfig                           0x08003d59   Thumb Code    74  stm32f4xx_usart.o(i.USART_ITConfig)
    USART_Init                               0x08003da5   Thumb Code   204  stm32f4xx_usart.o(i.USART_Init)
    USART_ReceiveData                        0x08003e79   Thumb Code    10  stm32f4xx_usart.o(i.USART_ReceiveData)
    USART_SendData                           0x08003e83   Thumb Code     8  stm32f4xx_usart.o(i.USART_SendData)
    UsageFault_Handler                       0x08003e8b   Thumb Code     4  stm32f4xx_it.o(i.UsageFault_Handler)
    VoiceInit                                0x08003e8f   Thumb Code     8  voice.o(i.VoiceInit)
    W25X16_SendByte                          0x08003e99   Thumb Code    50  spi2.o(i.W25X16_SendByte)
    WorkLEDStatus                            0x08003ed1   Thumb Code    18  main.o(i.WorkLEDStatus)
    __0printf$3                              0x08003ee9   Thumb Code    22  printf3.o(i.__0printf$3)
    __1printf$3                              0x08003ee9   Thumb Code     0  printf3.o(i.__0printf$3)
    __2printf                                0x08003ee9   Thumb Code     0  printf3.o(i.__0printf$3)
    __0sprintf$3                             0x08003f09   Thumb Code    34  printf3.o(i.__0sprintf$3)
    __1sprintf$3                             0x08003f09   Thumb Code     0  printf3.o(i.__0sprintf$3)
    __2sprintf                               0x08003f09   Thumb Code     0  printf3.o(i.__0sprintf$3)
    __scatterload_copy                       0x08003f31   Thumb Code    14  handlers.o(i.__scatterload_copy)
    __scatterload_null                       0x08003f3f   Thumb Code     2  handlers.o(i.__scatterload_null)
    __scatterload_zeroinit                   0x08003f41   Thumb Code    14  handlers.o(i.__scatterload_zeroinit)
    eMBASCIIInit                             0x08004115   Thumb Code    68  mbascii.o(i.eMBASCIIInit)
    eMBASCIIReceive                          0x0800415d   Thumb Code    76  mbascii.o(i.eMBASCIIReceive)
    eMBASCIISend                             0x080041b1   Thumb Code   110  mbascii.o(i.eMBASCIISend)
    eMBASCIIStart                            0x08004235   Thumb Code    32  mbascii.o(i.eMBASCIIStart)
    eMBASCIIStop                             0x08004259   Thumb Code    24  mbascii.o(i.eMBASCIIStop)
    eMBEnable                                0x08004271   Thumb Code    32  mb.o(i.eMBEnable)
    eMBFuncReadCoils                         0x08004299   Thumb Code   174  mbfunccoils.o(i.eMBFuncReadCoils)
    eMBFuncReadDiscreteInputs                0x08004347   Thumb Code   172  mbfuncdisc.o(i.eMBFuncReadDiscreteInputs)
    eMBFuncReadHoldingRegister               0x080043f3   Thumb Code   132  mbfuncholding.o(i.eMBFuncReadHoldingRegister)
    eMBFuncReadInputRegister                 0x08004477   Thumb Code   140  mbfuncinput.o(i.eMBFuncReadInputRegister)
    eMBFuncReadWriteMultipleHoldingRegister  0x08004503   Thumb Code   196  mbfuncholding.o(i.eMBFuncReadWriteMultipleHoldingRegister)
    eMBFuncReportSlaveID                     0x080045c9   Thumb Code    30  mbfuncother.o(i.eMBFuncReportSlaveID)
    eMBFuncWriteCoil                         0x080045f1   Thumb Code   112  mbfunccoils.o(i.eMBFuncWriteCoil)
    eMBFuncWriteHoldingRegister              0x08004661   Thumb Code    62  mbfuncholding.o(i.eMBFuncWriteHoldingRegister)
    eMBFuncWriteMultipleCoils                0x0800469f   Thumb Code   144  mbfunccoils.o(i.eMBFuncWriteMultipleCoils)
    eMBFuncWriteMultipleHoldingRegister      0x0800472f   Thumb Code   106  mbfuncholding.o(i.eMBFuncWriteMultipleHoldingRegister)
    eMBInit                                  0x08004799   Thumb Code   222  mb.o(i.eMBInit)
    eMBRTUInit                               0x080048dd   Thumb Code    84  mbrtu.o(i.eMBRTUInit)
    eMBRTUReceive                            0x08004935   Thumb Code    70  mbrtu.o(i.eMBRTUReceive)
    eMBRTUSend                               0x08004985   Thumb Code   154  mbrtu.o(i.eMBRTUSend)
    eMBRTUStart                              0x08004a35   Thumb Code    30  mbrtu.o(i.eMBRTUStart)
    eMBRTUStop                               0x08004a59   Thumb Code    24  mbrtu.o(i.eMBRTUStop)
    eMBRegCoilsCB                            0x08004a71   Thumb Code   146  port.o(i.eMBRegCoilsCB)
    eMBRegDiscreteCB                         0x08004b09   Thumb Code    90  port.o(i.eMBRegDiscreteCB)
    eMBRegHoldingCB                          0x08004b69   Thumb Code   114  port.o(i.eMBRegHoldingCB)
    eMBRegInputCB                            0x08004be1   Thumb Code    60  port.o(i.eMBRegInputCB)
    fputc                                    0x08004c21   Thumb Code    32  uart6.o(i.fputc)
    main                                     0x08004c45   Thumb Code    36  main.o(i.main)
    prveMBError2Exception                    0x08004c6d   Thumb Code    34  mbutils.o(i.prveMBError2Exception)
    prvvTIMERExpiredISR                      0x08004cf9   Thumb Code    10  porttimer.o(i.prvvTIMERExpiredISR)
    prvvUARTRxISR                            0x08004d09   Thumb Code    10  portserial.o(i.prvvUARTRxISR)
    prvvUARTTxReadyISR                       0x08004d19   Thumb Code    10  portserial.o(i.prvvUARTTxReadyISR)
    usMBCRC16                                0x08004d29   Thumb Code    48  mbcrc.o(i.usMBCRC16)
    vMBPortSerialEnable                      0x08004d61   Thumb Code    64  portserial.o(i.vMBPortSerialEnable)
    vMBPortTimersDisable                     0x08004da5   Thumb Code    38  porttimer.o(i.vMBPortTimersDisable)
    vMBPortTimersEnable                      0x08004dd1   Thumb Code    38  porttimer.o(i.vMBPortTimersEnable)
    xMBASCIIReceiveFSM                       0x08004dfd   Thumb Code   276  mbascii.o(i.xMBASCIIReceiveFSM)
    xMBASCIITimerT1SExpired                  0x08004f25   Thumb Code    38  mbascii.o(i.xMBASCIITimerT1SExpired)
    xMBASCIITransmitFSM                      0x08004f51   Thumb Code   220  mbascii.o(i.xMBASCIITransmitFSM)
    xMBPortEventInit                         0x08005041   Thumb Code    10  portevent.o(i.xMBPortEventInit)
    xMBPortEventPost                         0x08005051   Thumb Code    16  portevent.o(i.xMBPortEventPost)
    xMBPortSerialGetByte                     0x08005069   Thumb Code    16  portserial.o(i.xMBPortSerialGetByte)
    xMBPortSerialInit                        0x0800507d   Thumb Code   188  portserial.o(i.xMBPortSerialInit)
    xMBPortSerialPutByte                     0x08005141   Thumb Code    16  portserial.o(i.xMBPortSerialPutByte)
    xMBPortTimersInit                        0x08005155   Thumb Code   108  porttimer.o(i.xMBPortTimersInit)
    xMBRTUReceiveFSM                         0x080051c5   Thumb Code   122  mbrtu.o(i.xMBRTUReceiveFSM)
    xMBRTUTimerT35Expired                    0x0800524d   Thumb Code    58  mbrtu.o(i.xMBRTUTimerT35Expired)
    xMBRTUTransmitFSM                        0x0800528d   Thumb Code    94  mbrtu.o(i.xMBRTUTransmitFSM)
    xMBUtilGetBits                           0x080052f9   Thumb Code    42  mbutils.o(i.xMBUtilGetBits)
    xMBUtilSetBits                           0x08005323   Thumb Code    96  mbutils.o(i.xMBUtilSetBits)
    tabel                                    0x08005382   Data         512  crc.o(.constdata)
    Region$$Table$$Base                      0x08005784   Number         0  anon$$obj.o(Region$$Table)
    Region$$Table$$Limit                     0x080057a4   Number         0  anon$$obj.o(Region$$Table)
    CarData                                  0x20000000   Data           4  car.o(.data)
    DriverParamter                           0x20000004   Data           4  car.o(.data)
    NowRunStatus                             0x20000008   Data           6  car.o(.data)
    NowAction                                0x2000000e   Data           1  car.o(.data)
    rf                                       0x20000010   Data           4  car.o(.data)
    TurnFlagCount                            0x20000014   Data           1  car.o(.data)
    MagneticValue                            0x20000016   Data           2  car.o(.data)
    f_MagneticValueUseCount                  0x20000018   Data           1  car.o(.data)
    MagneticRecvCount                        0x2000001a   Data           2  car.o(.data)
    LastMagneticRecvCount                    0x2000001c   Data           2  car.o(.data)
    Turn_Left_Count                          0x20000020   Data           1  car.o(.data)
    Turn_Right_Count                         0x20000021   Data           1  car.o(.data)
    chkValid                                 0x20000022   Data           4  car.o(.data)
    LastValid                                0x20000026   Data           4  car.o(.data)
    g_f_TurnFlag                             0x2000002a   Data           1  car.o(.data)
    f_TurnFinished                           0x2000002b   Data           1  car.o(.data)
    CMD                                      0x2000002c   Data           1  car.o(.data)
    L_Moto_Status                            0x20000030   Data           8  moto_ctrl.o(.data)
    R_Moto_Status                            0x20000038   Data           8  moto_ctrl.o(.data)
    Click_Break_Timer_Index                  0x20000040   Data           1  moto_ctrl.o(.data)
    Click_Break_Count                        0x20000041   Data           1  moto_ctrl.o(.data)
    rgbTime                                  0x20000048   Data           4  rgb_led.o(.data)
    sw                                       0x2000004d   Data           1  voice.o(.data)
    EnableInsert                             0x2000004e   Data           1  voice.o(.data)
    lastOutSienSendLen                       0x20000050   Data           2  outsidecomm.o(.data)
    agvRunStatus                             0x20000054   Data           4  outsidecomm.o(.data)
    Aver_Val                                 0x20000058   Data           2  adc1.o(.data)
    IR_Far_Struct                            0x2000005c   Data           8  gpio.o(.data)
    IR_Near_Struct                           0x20000064   Data           8  gpio.o(.data)
    LRS_Far_Struct                           0x2000006c   Data           8  gpio.o(.data)
    LRS_Near_Struct                          0x20000074   Data           8  gpio.o(.data)
    STOP_Struct                              0x2000007c   Data           8  gpio.o(.data)
    LT_UP_Struct                             0x20000084   Data           8  gpio.o(.data)
    LT_DOWN_Struct                           0x2000008c   Data           8  gpio.o(.data)
    KEY1_Struct                              0x20000094   Data           8  gpio.o(.data)
    KEY2_Struct                              0x2000009c   Data           8  gpio.o(.data)
    KEY3_Struct                              0x200000a4   Data           8  gpio.o(.data)
    KEY4_Struct                              0x200000ac   Data           8  gpio.o(.data)
    INT_Event                                0x200000b4   Data           2  gpio.o(.data)
    RealPeriod                               0x200000bc   Data           4  timer.o(.data)
    Uart1Callback                            0x200000c0   Data           4  uart1.o(.data)
    UART1_User_Buf_No                        0x200000c4   Data           1  uart1.o(.data)
    UART1_Str                                0x200000c8   Data           8  uart1.o(.data)
    UART2_User_Buf_No                        0x200000d0   Data           1  uart2.o(.data)
    UART2_Str                                0x200000d4   Data           8  uart2.o(.data)
    UART3_User_Buf_No                        0x200000dc   Data           1  uart3.o(.data)
    UART3_Str                                0x200000e0   Data           8  uart3.o(.data)
    UART6_User_Buf_No                        0x200000e8   Data           1  uart6.o(.data)
    UART6_Str                                0x200000ec   Data           8  uart6.o(.data)
    uwLsiFreq                                0x200000f4   Data           4  iwdg.o(.data)
    uwCaptureNumber                          0x200000f8   Data           4  iwdg.o(.data)
    uwPeriodValue                            0x200000fc   Data           4  iwdg.o(.data)
    tmpCC4                                   0x20000100   Data           4  iwdg.o(.data)
    ReadVal1                                 0x20000104   Data           4  pwm.o(.data)
    ReadVal2                                 0x20000108   Data           4  pwm.o(.data)
    CaptureNum                               0x2000010c   Data           4  pwm.o(.data)
    Capture                                  0x20000110   Data           8  pwm.o(.data)
    Csensor                                  0x20000118   Data           4  pwm.o(.data)
    LRMotoFreq                               0x2000011c   Data           8  pwm.o(.data)
    sensorFreq                               0x20000124   Data           4  pwm.o(.data)
    pxMBFrameCBByteReceived                  0x20000150   Data           4  mb.o(.data)
    pxMBFrameCBTransmitterEmpty              0x20000154   Data           4  mb.o(.data)
    pxMBPortCBTimerExpired                   0x20000158   Data           4  mb.o(.data)
    pxMBFrameCBReceiveFSMCur                 0x2000015c   Data           4  mb.o(.data)
    pxMBFrameCBTransmitFSMCur                0x20000160   Data           4  mb.o(.data)
    usRegInputBuf                            0x20000206   Data          32  port.o(.data)
    ucRegCoilsBuf                            0x20000226   Data          16  port.o(.data)
    ucRegDiscreteBuf                         0x20000236   Data          16  port.o(.data)
    __stdout                                 0x20000254   Data           4  stdout.o(.data)
    LastCarData                              0x20000258   Data          32  car.o(.bss)
    Change_Flag                              0x20000278   Data          16  car.o(.bss)
    mp                                       0x20000288   Data          12  car.o(.bss)
    Car_Save_Info                            0x20000294   Data         246  fs.o(.bss)
    Route_Save_Info                          0x2000038a   Data        1456  fs.o(.bss)
    Magnet_Send_Str                          0x2000093a   Data          70  magnet_comm.o(.bss)
    outSideSendBuf                           0x20000980   Data          64  outsidecomm.o(.bss)
    AD1_Val                                  0x200009c0   Data          10  adc1.o(.bss)
    TimeList                                 0x200009cc   Data         840  timer.o(.bss)
    RCC_Clocks                               0x20000d14   Data          16  timer.o(.bss)
    UART1_Recv_Buf                           0x20000d24   Data         300  uart1.o(.bss)
    UART1_DMA_TX                             0x20000e50   Data          60  uart1.o(.bss)
    UART1_DMA_RX                             0x20000e8c   Data          60  uart1.o(.bss)
    UART2_Recv_Buf                           0x20000ec8   Data        4000  uart2.o(.bss)
    UART2_DMA_TX                             0x20001e68   Data          60  uart2.o(.bss)
    UART2_DMA_RX                             0x20001ea4   Data          60  uart2.o(.bss)
    UART3_Recv_Buf                           0x20001ee0   Data        4000  uart3.o(.bss)
    UART3_DMA_TX                             0x20002e80   Data          60  uart3.o(.bss)
    UART3_DMA_RX                             0x20002ebc   Data          60  uart3.o(.bss)
    UART6_Recv_Buf                           0x20002ef8   Data        2000  uart6.o(.bss)
    UART6_DMA_TX                             0x200036c8   Data          60  uart6.o(.bss)
    UART6_DMA_RX                             0x20003704   Data          60  uart6.o(.bss)
    usRegHoldingBuf                          0x20003760   Data          32  port.o(.bss)
    ucRTUBuf                                 0x20003780   Data         256  mbrtu.o(.bss)
    __initial_sp                             0x20003c80   Data           0  startup_stm32f40_41xxx.o(STACK)



==============================================================================

Memory Map of the image

  Image Entry point : 0x0800019d

  Load Region LR_1 (Base: 0x08000000, Size: 0x000059fc, Max: 0xffffffff, ABSOLUTE, COMPRESSED[0x00005818])

    Execution Region ER_RO (Base: 0x08000000, Size: 0x000057a4, Max: 0xffffffff, ABSOLUTE)

    Base Addr    Size         Type   Attr      Idx    E Section Name        Object

    0x08000000   0x00000188   Data   RO            3    RESET               startup_stm32f40_41xxx.o
    0x08000188   0x00000000   Code   RO         7326  * .ARM.Collect$$$$00000000  mc_w.l(entry.o)
    0x08000188   0x00000004   Code   RO         7598    .ARM.Collect$$$$00000001  mc_w.l(entry2.o)
    0x0800018c   0x00000004   Code   RO         7601    .ARM.Collect$$$$00000004  mc_w.l(entry5.o)
    0x08000190   0x00000000   Code   RO         7603    .ARM.Collect$$$$00000008  mc_w.l(entry7b.o)
    0x08000190   0x00000000   Code   RO         7605    .ARM.Collect$$$$0000000A  mc_w.l(entry8b.o)
    0x08000190   0x00000008   Code   RO         7606    .ARM.Collect$$$$0000000B  mc_w.l(entry9a.o)
    0x08000198   0x00000000   Code   RO         7608    .ARM.Collect$$$$0000000D  mc_w.l(entry10a.o)
    0x08000198   0x00000000   Code   RO         7610    .ARM.Collect$$$$0000000F  mc_w.l(entry11a.o)
    0x08000198   0x00000004   Code   RO         7599    .ARM.Collect$$$$00002712  mc_w.l(entry2.o)
    0x0800019c   0x00000024   Code   RO            4  * .text               startup_stm32f40_41xxx.o
    0x080001c0   0x00000024   Code   RO         7329    .text               mc_w.l(memcpya.o)
    0x080001e4   0x00000024   Code   RO         7331    .text               mc_w.l(memseta.o)
    0x08000208   0x0000001c   Code   RO         7333    .text               mc_w.l(strcmp.o)
    0x08000224   0x0000002c   Code   RO         7613    .text               mc_w.l(uidiv.o)
    0x08000250   0x00000024   Code   RO         7628    .text               mc_w.l(init.o)
    0x08000274   0x00000056   Code   RO         7646    .text               mc_w.l(__dczerorl2.o)
    0x080002ca   0x00000002   PAD
    0x080002cc   0x0000012c   Code   RO         1152    i.ADC1_Init         adc1.o
    0x080003f8   0x00000016   Code   RO         1879    i.ADC_Cmd           stm32f4xx_adc.o
    0x0800040e   0x00000002   PAD
    0x08000410   0x00000030   Code   RO         1880    i.ADC_CommonInit    stm32f4xx_adc.o
    0x08000440   0x00000016   Code   RO         1883    i.ADC_DMACmd        stm32f4xx_adc.o
    0x08000456   0x00000016   Code   RO         1884    i.ADC_DMARequestAfterLastTransferCmd  stm32f4xx_adc.o
    0x0800046c   0x00000016   Code   RO         1885    i.ADC_DeInit        stm32f4xx_adc.o
    0x08000482   0x00000002   PAD
    0x08000484   0x00000054   Code   RO         1899    i.ADC_Init          stm32f4xx_adc.o
    0x080004d8   0x000000b8   Code   RO         1904    i.ADC_RegularChannelConfig  stm32f4xx_adc.o
    0x08000590   0x0000000a   Code   RO         1906    i.ADC_SoftwareStartConv  stm32f4xx_adc.o
    0x0800059a   0x00000002   PAD
    0x0800059c   0x000000dc   Code   RO         1155    i.Average           adc1.o
    0x08000678   0x00000004   Code   RO           13    i.BusFault_Handler  stm32f4xx_it.o
    0x0800067c   0x00000030   Code   RO          901    i.CalcCRC           crc.o
    0x080006ac   0x00000020   Code   RO         2721    i.DBGMCU_APB1PeriphConfig  stm32f4xx_dbgmcu.o
    0x080006cc   0x000000b4   Code   RO         1550    i.DMA1_Stream1_IRQHandler  uart3.o
    0x08000780   0x0000003c   Code   RO         1551    i.DMA1_Stream3_IRQHandler  uart3.o
    0x080007bc   0x000000b4   Code   RO         1471    i.DMA1_Stream5_IRQHandler  uart2.o
    0x08000870   0x0000003c   Code   RO         1472    i.DMA1_Stream6_IRQHandler  uart2.o
    0x080008ac   0x00000030   Code   RO         1156    i.DMA2_Stream0_IRQHandler  adc1.o
    0x080008dc   0x000000b4   Code   RO         1629    i.DMA2_Stream2_IRQHandler  uart6.o
    0x08000990   0x000000b4   Code   RO         1392    i.DMA2_Stream5_IRQHandler  uart1.o
    0x08000a44   0x0000003c   Code   RO         1630    i.DMA2_Stream6_IRQHandler  uart6.o
    0x08000a80   0x00000048   Code   RO         1393    i.DMA2_Stream7_IRQHandler  uart1.o
    0x08000ac8   0x00000034   Code   RO         2877    i.DMA_ClearFlag     stm32f4xx_dma.o
    0x08000afc   0x00000016   Code   RO         2879    i.DMA_Cmd           stm32f4xx_dma.o
    0x08000b12   0x00000002   PAD
    0x08000b14   0x00000158   Code   RO         2880    i.DMA_DeInit        stm32f4xx_dma.o
    0x08000c6c   0x00000008   Code   RO         2885    i.DMA_GetCurrDataCounter  stm32f4xx_dma.o
    0x08000c74   0x00000064   Code   RO         2889    i.DMA_GetITStatus   stm32f4xx_dma.o
    0x08000cd8   0x0000003a   Code   RO         2890    i.DMA_ITConfig      stm32f4xx_dma.o
    0x08000d12   0x00000002   PAD
    0x08000d14   0x00000058   Code   RO         2891    i.DMA_Init          stm32f4xx_dma.o
    0x08000d6c   0x00000004   Code   RO         2894    i.DMA_SetCurrDataCounter  stm32f4xx_dma.o
    0x08000d70   0x00000022   Code   RO         2895    i.DMA_StructInit    stm32f4xx_dma.o
    0x08000d92   0x00000002   Code   RO           14    i.DebugMon_Handler  stm32f4xx_it.o
    0x08000d94   0x00000050   Code   RO         1274    i.Delay             timer.o
    0x08000de4   0x0000000a   Code   RO         7043    i.ENTER_CRITICAL_SECTION  port.o
    0x08000dee   0x0000000a   Code   RO         7044    i.EXIT_CRITICAL_SECTION  port.o
    0x08000df8   0x0000001c   Code   RO         1213    i.EXTI0_IRQHandler  gpio.o
    0x08000e14   0x00000090   Code   RO         1214    i.EXTI15_10_IRQHandler  gpio.o
    0x08000ea4   0x0000001c   Code   RO         1215    i.EXTI1_IRQHandler  gpio.o
    0x08000ec0   0x0000001c   Code   RO         1216    i.EXTI4_IRQHandler  gpio.o
    0x08000edc   0x00000040   Code   RO         1217    i.EXTI9_5_IRQHandler  gpio.o
    0x08000f1c   0x0000000c   Code   RO         3145    i.EXTI_ClearITPendingBit  stm32f4xx_exti.o
    0x08000f28   0x00000018   Code   RO         3149    i.EXTI_GetITStatus  stm32f4xx_exti.o
    0x08000f40   0x00000094   Code   RO         3150    i.EXTI_Init         stm32f4xx_exti.o
    0x08000fd4   0x000001b4   Code   RO          529    i.FS_Init           fs.o
    0x08001188   0x00000044   Code   RO         1278    i.Free_Timer        timer.o
    0x080011cc   0x00000090   Code   RO         3661    i.GPIO_Init         stm32f4xx_gpio.o
    0x0800125c   0x00000046   Code   RO         3662    i.GPIO_PinAFConfig  stm32f4xx_gpio.o
    0x080012a2   0x00000004   Code   RO         3668    i.GPIO_ResetBits    stm32f4xx_gpio.o
    0x080012a6   0x00000004   Code   RO         3669    i.GPIO_SetBits      stm32f4xx_gpio.o
    0x080012aa   0x00000008   Code   RO         3671    i.GPIO_ToggleBits   stm32f4xx_gpio.o
    0x080012b2   0x00000002   PAD
    0x080012b4   0x000000e4   Code   RO         1714    i.GetLSIFrequency   iwdg.o
    0x08001398   0x00000004   Code   RO           15    i.HardFault_Handler  stm32f4xx_it.o
    0x0800139c   0x0000052c   Code   RO         1218    i.IO_Init           gpio.o
    0x080018c8   0x00000048   Code   RO         1715    i.IWDG_Configuration  iwdg.o
    0x08001910   0x00000010   Code   RO         4176    i.IWDG_Enable       stm32f4xx_iwdg.o
    0x08001920   0x00000010   Code   RO         4178    i.IWDG_ReloadCounter  stm32f4xx_iwdg.o
    0x08001930   0x0000000c   Code   RO         4179    i.IWDG_SetPrescaler  stm32f4xx_iwdg.o
    0x0800193c   0x0000000c   Code   RO         4180    i.IWDG_SetReload    stm32f4xx_iwdg.o
    0x08001948   0x0000000c   Code   RO         4181    i.IWDG_WriteAccessCmd  stm32f4xx_iwdg.o
    0x08001954   0x00000058   Code   RO          740    i.InitLRMotoCtrl    moto_ctrl.o
    0x080019ac   0x00000018   Code   RO          225    i.InitModbus        main.o
    0x080019c4   0x00000060   Code   RO          226    i.InitSystem        main.o
    0x08001a24   0x00000064   Code   RO         1279    i.Init_SYSTICK      timer.o
    0x08001a88   0x00000024   Code   RO          824    i.MagnetCommInit    magnet_comm.o
    0x08001aac   0x00000018   Code   RO          827    i.MagnetReport      magnet_comm.o
    0x08001ac4   0x00000090   Code   RO          829    i.MagnetSendCommData  magnet_comm.o
    0x08001b54   0x00000010   Code   RO          830    i.MagnetSendData    magnet_comm.o
    0x08001b64   0x00000048   Code   RO          831    i.MagnetSendTimeout  magnet_comm.o
    0x08001bac   0x00000054   Code   RO          563    i.Main_Loop_Process  loop.o
    0x08001c00   0x000000f8   Code   RO         1280    i.Malloc_Timer      timer.o
    0x08001cf8   0x00000004   Code   RO           16    i.MemManage_Handler  stm32f4xx_it.o
    0x08001cfc   0x00000002   Code   RO           17    i.NMI_Handler       stm32f4xx_it.o
    0x08001cfe   0x00000002   PAD
    0x08001d00   0x00000078   Code   RO         1825    i.NVIC_Init         misc.o
    0x08001d78   0x00000014   Code   RO         1826    i.NVIC_PriorityGroupConfig  misc.o
    0x08001d8c   0x0000000a   Code   RO         1281    i.Open_SYSTICK      timer.o
    0x08001d96   0x00000002   PAD
    0x08001d98   0x0000004c   Code   RO         1085    i.OutsideCommInit   outsidecomm.o
    0x08001de4   0x00000074   Code   RO          393    i.Para_Init         car.o
    0x08001e58   0x00000002   Code   RO           18    i.PendSV_Handler    stm32f4xx_it.o
    0x08001e5a   0x00000002   PAD
    0x08001e5c   0x00000020   Code   RO         4566    i.RCC_AHB1PeriphClockCmd  stm32f4xx_rcc.o
    0x08001e7c   0x00000020   Code   RO         4575    i.RCC_APB1PeriphClockCmd  stm32f4xx_rcc.o
    0x08001e9c   0x00000020   Code   RO         4577    i.RCC_APB1PeriphResetCmd  stm32f4xx_rcc.o
    0x08001ebc   0x00000020   Code   RO         4578    i.RCC_APB2PeriphClockCmd  stm32f4xx_rcc.o
    0x08001edc   0x00000020   Code   RO         4580    i.RCC_APB2PeriphResetCmd  stm32f4xx_rcc.o
    0x08001efc   0x000000e4   Code   RO         4587    i.RCC_GetClocksFreq  stm32f4xx_rcc.o
    0x08001fe0   0x00000040   Code   RO         4588    i.RCC_GetFlagStatus  stm32f4xx_rcc.o
    0x08002020   0x0000000c   Code   RO         4598    i.RCC_LSICmd        stm32f4xx_rcc.o
    0x0800202c   0x00000024   Code   RO          996    i.RGB_LED_Init      rgb_led.o
    0x08002050   0x00000080   Code   RO          395    i.RefreshLastCarPara  car.o
    0x080020d0   0x000000f0   Code   RO         1795    i.SPI2_Init         spi2.o
    0x080021c0   0x00000018   Code   RO         5724    i.SPI_Cmd           stm32f4xx_spi.o
    0x080021d8   0x00000024   Code   RO          630    i.SPI_FLASH_Write_Enable  w25x16.o
    0x080021fc   0x00000048   Code   RO          633    i.SPI_Flash_Erase_Sector  w25x16.o
    0x08002244   0x00000008   Code   RO          634    i.SPI_Flash_Init    w25x16.o
    0x0800224c   0x00000058   Code   RO          636    i.SPI_Flash_Read    w25x16.o
    0x080022a4   0x0000004c   Code   RO          637    i.SPI_Flash_ReadID  w25x16.o
    0x080022f0   0x00000030   Code   RO          638    i.SPI_Flash_ReadSR  w25x16.o
    0x08002320   0x00000012   Code   RO          640    i.SPI_Flash_Wait_Busy  w25x16.o
    0x08002332   0x0000002e   Code   RO          641    i.SPI_Flash_Write   w25x16.o
    0x08002360   0x00000046   Code   RO          642    i.SPI_Flash_Write_NoCheck  w25x16.o
    0x080023a6   0x00000002   PAD
    0x080023a8   0x0000005c   Code   RO          643    i.SPI_Flash_Write_Page  w25x16.o
    0x08002404   0x00000012   Code   RO         5732    i.SPI_I2S_GetFlagStatus  stm32f4xx_spi.o
    0x08002416   0x00000006   Code   RO         5735    i.SPI_I2S_ReceiveData  stm32f4xx_spi.o
    0x0800241c   0x00000004   Code   RO         5736    i.SPI_I2S_SendData  stm32f4xx_spi.o
    0x08002420   0x0000003c   Code   RO         5737    i.SPI_Init          stm32f4xx_spi.o
    0x0800245c   0x00000002   Code   RO           19    i.SVC_Handler       stm32f4xx_it.o
    0x0800245e   0x00000002   PAD
    0x08002460   0x00000040   Code   RO         5889    i.SYSCFG_EXTILineConfig  stm32f4xx_syscfg.o
    0x080024a0   0x00000024   Code   RO         1283    i.SYS_Timer_Init    timer.o
    0x080024c4   0x00000008   Code   RO         1284    i.SYS_Timer_Open    timer.o
    0x080024cc   0x00000164   Code   RO          997    i.SetLedColor       rgb_led.o
    0x08002630   0x00000030   Code   RO         1034    i.SetSpeakMute      voice.o
    0x08002660   0x00000018   Code   RO         1035    i.SetSpeakSwitch    voice.o
    0x08002678   0x00000110   Code   RO          184    i.SetSysClock       system_stm32f4xx.o
    0x08002788   0x00000024   Code   RO          746    i.Set_Moto_Speed    moto_ctrl.o
    0x080027ac   0x00000008   Code   RO         1285    i.SysTick_Handler   timer.o
    0x080027b4   0x00000068   Code   RO          186    i.SystemInit        system_stm32f4xx.o
    0x0800281c   0x0000003a   Code   RO         5946    i.TI1_Config        stm32f4xx_tim.o
    0x08002856   0x00000050   Code   RO         5947    i.TI2_Config        stm32f4xx_tim.o
    0x080028a6   0x00000048   Code   RO         5948    i.TI3_Config        stm32f4xx_tim.o
    0x080028ee   0x00000050   Code   RO         5949    i.TI4_Config        stm32f4xx_tim.o
    0x0800293e   0x00000002   PAD
    0x08002940   0x000000ac   Code   RO         1753    i.TIM1_ENC_Init     pwm.o
    0x080029ec   0x000000b4   Code   RO         1754    i.TIM3_ENC_Init     pwm.o
    0x08002aa0   0x000000fc   Code   RO         1755    i.TIM4_IRQHandler   pwm.o
    0x08002b9c   0x00000060   Code   RO         1716    i.TIM5_IRQHandler   iwdg.o
    0x08002bfc   0x00000020   Code   RO         7200    i.TIM8_BRK_TIM12_IRQHandler  porttimer.o
    0x08002c1c   0x00000018   Code   RO         5950    i.TIM_ARRPreloadConfig  stm32f4xx_tim.o
    0x08002c34   0x00000006   Code   RO         5956    i.TIM_ClearFlag     stm32f4xx_tim.o
    0x08002c3a   0x00000006   Code   RO         5957    i.TIM_ClearITPendingBit  stm32f4xx_tim.o
    0x08002c40   0x00000018   Code   RO         5962    i.TIM_Cmd           stm32f4xx_tim.o
    0x08002c58   0x00000190   Code   RO         5967    i.TIM_DeInit        stm32f4xx_tim.o
    0x08002de8   0x00000042   Code   RO         5971    i.TIM_EncoderInterfaceConfig  stm32f4xx_tim.o
    0x08002e2a   0x00000006   Code   RO         5979    i.TIM_GetCapture3   stm32f4xx_tim.o
    0x08002e30   0x00000006   Code   RO         5980    i.TIM_GetCapture4   stm32f4xx_tim.o
    0x08002e36   0x00000022   Code   RO         5983    i.TIM_GetITStatus   stm32f4xx_tim.o
    0x08002e58   0x0000006e   Code   RO         5985    i.TIM_ICInit        stm32f4xx_tim.o
    0x08002ec6   0x00000012   Code   RO         5986    i.TIM_ICStructInit  stm32f4xx_tim.o
    0x08002ed8   0x00000012   Code   RO         5987    i.TIM_ITConfig      stm32f4xx_tim.o
    0x08002eea   0x00000006   Code   RO         6011    i.TIM_PrescalerConfig  stm32f4xx_tim.o
    0x08002ef0   0x00000006   Code   RO         6012    i.TIM_RemapConfig   stm32f4xx_tim.o
    0x08002ef6   0x00000004   Code   RO         6028    i.TIM_SetCounter    stm32f4xx_tim.o
    0x08002efa   0x00000012   Code   RO         6029    i.TIM_SetIC1Prescaler  stm32f4xx_tim.o
    0x08002f0c   0x0000001a   Code   RO         6030    i.TIM_SetIC2Prescaler  stm32f4xx_tim.o
    0x08002f26   0x00000012   Code   RO         6031    i.TIM_SetIC3Prescaler  stm32f4xx_tim.o
    0x08002f38   0x0000001a   Code   RO         6032    i.TIM_SetIC4Prescaler  stm32f4xx_tim.o
    0x08002f52   0x00000002   PAD
    0x08002f54   0x00000084   Code   RO         6034    i.TIM_TimeBaseInit  stm32f4xx_tim.o
    0x08002fd8   0x00000012   Code   RO         6035    i.TIM_TimeBaseStructInit  stm32f4xx_tim.o
    0x08002fea   0x00000002   PAD
    0x08002fec   0x000000b0   Code   RO         1286    i.TimeDec           timer.o
    0x0800309c   0x0000003c   Code   RO         7136    i.UART4_IRQHandler  portserial.o
    0x080030d8   0x00000118   Code   RO         1395    i.USART1_IRQHandler  uart1.o
    0x080031f0   0x000000e4   Code   RO         1396    i.USART1_Init       uart1.o
    0x080032d4   0x000000c0   Code   RO         1397    i.USART1_RX_DMA     uart1.o
    0x08003394   0x0000003c   Code   RO         1399    i.USART1_Send_Str   uart1.o
    0x080033d0   0x00000094   Code   RO         1400    i.USART1_TX_DMA     uart1.o
    0x08003464   0x00000130   Code   RO         1474    i.USART2_IRQHandler  uart2.o
    0x08003594   0x000000e4   Code   RO         1475    i.USART2_Init       uart2.o
    0x08003678   0x000000c0   Code   RO         1476    i.USART2_RX_DMA     uart2.o
    0x08003738   0x00000098   Code   RO         1479    i.USART2_TX_DMA     uart2.o
    0x080037d0   0x00000130   Code   RO         1553    i.USART3_IRQHandler  uart3.o
    0x08003900   0x00000120   Code   RO         1632    i.USART6_IRQHandler  uart6.o
    0x08003a20   0x000000f0   Code   RO         1633    i.USART6_Init       uart6.o
    0x08003b10   0x000000c0   Code   RO         1634    i.USART6_RX_DMA     uart6.o
    0x08003bd0   0x00000094   Code   RO         1637    i.USART6_TX_DMA     uart6.o
    0x08003c64   0x00000012   Code   RO         6512    i.USART_ClearFlag   stm32f4xx_usart.o
    0x08003c76   0x0000001e   Code   RO         6513    i.USART_ClearITPendingBit  stm32f4xx_usart.o
    0x08003c94   0x00000020   Code   RO         6514    i.USART_ClockInit   stm32f4xx_usart.o
    0x08003cb4   0x0000000c   Code   RO         6515    i.USART_ClockStructInit  stm32f4xx_usart.o
    0x08003cc0   0x00000018   Code   RO         6516    i.USART_Cmd         stm32f4xx_usart.o
    0x08003cd8   0x00000012   Code   RO         6517    i.USART_DMACmd      stm32f4xx_usart.o
    0x08003cea   0x0000001a   Code   RO         6519    i.USART_GetFlagStatus  stm32f4xx_usart.o
    0x08003d04   0x00000054   Code   RO         6520    i.USART_GetITStatus  stm32f4xx_usart.o
    0x08003d58   0x0000004a   Code   RO         6522    i.USART_ITConfig    stm32f4xx_usart.o
    0x08003da2   0x00000002   PAD
    0x08003da4   0x000000d4   Code   RO         6523    i.USART_Init        stm32f4xx_usart.o
    0x08003e78   0x0000000a   Code   RO         6530    i.USART_ReceiveData  stm32f4xx_usart.o
    0x08003e82   0x00000008   Code   RO         6533    i.USART_SendData    stm32f4xx_usart.o
    0x08003e8a   0x00000004   Code   RO           20    i.UsageFault_Handler  stm32f4xx_it.o
    0x08003e8e   0x00000008   Code   RO         1037    i.VoiceInit         voice.o
    0x08003e96   0x00000002   PAD
    0x08003e98   0x00000038   Code   RO         1796    i.W25X16_SendByte   spi2.o
    0x08003ed0   0x00000018   Code   RO          227    i.WorkLEDStatus     main.o
    0x08003ee8   0x00000020   Code   RO         7426    i.__0printf$3       mc_w.l(printf3.o)
    0x08003f08   0x00000028   Code   RO         7428    i.__0sprintf$3      mc_w.l(printf3.o)
    0x08003f30   0x0000000e   Code   RO         7640    i.__scatterload_copy  mc_w.l(handlers.o)
    0x08003f3e   0x00000002   Code   RO         7641    i.__scatterload_null  mc_w.l(handlers.o)
    0x08003f40   0x0000000e   Code   RO         7642    i.__scatterload_zeroinit  mc_w.l(handlers.o)
    0x08003f4e   0x00000002   PAD
    0x08003f50   0x000001b8   Code   RO         7433    i._printf_core      mc_w.l(printf3.o)
    0x08004108   0x0000000a   Code   RO         7435    i._sputc            mc_w.l(printf3.o)
    0x08004112   0x00000002   PAD
    0x08004114   0x00000048   Code   RO         6839    i.eMBASCIIInit      mbascii.o
    0x0800415c   0x00000054   Code   RO         6840    i.eMBASCIIReceive   mbascii.o
    0x080041b0   0x00000084   Code   RO         6841    i.eMBASCIISend      mbascii.o
    0x08004234   0x00000024   Code   RO         6842    i.eMBASCIIStart     mbascii.o
    0x08004258   0x00000018   Code   RO         6843    i.eMBASCIIStop      mbascii.o
    0x08004270   0x00000028   Code   RO         6769    i.eMBEnable         mb.o
    0x08004298   0x000000ae   Code   RO         6914    i.eMBFuncReadCoils  mbfunccoils.o
    0x08004346   0x000000ac   Code   RO         6941    i.eMBFuncReadDiscreteInputs  mbfuncdisc.o
    0x080043f2   0x00000084   Code   RO         6953    i.eMBFuncReadHoldingRegister  mbfuncholding.o
    0x08004476   0x0000008c   Code   RO         6983    i.eMBFuncReadInputRegister  mbfuncinput.o
    0x08004502   0x000000c4   Code   RO         6954    i.eMBFuncReadWriteMultipleHoldingRegister  mbfuncholding.o
    0x080045c6   0x00000002   PAD
    0x080045c8   0x00000028   Code   RO         6995    i.eMBFuncReportSlaveID  mbfuncother.o
    0x080045f0   0x00000070   Code   RO         6915    i.eMBFuncWriteCoil  mbfunccoils.o
    0x08004660   0x0000003e   Code   RO         6955    i.eMBFuncWriteHoldingRegister  mbfuncholding.o
    0x0800469e   0x00000090   Code   RO         6916    i.eMBFuncWriteMultipleCoils  mbfunccoils.o
    0x0800472e   0x0000006a   Code   RO         6956    i.eMBFuncWriteMultipleHoldingRegister  mbfuncholding.o
    0x08004798   0x00000144   Code   RO         6770    i.eMBInit           mb.o
    0x080048dc   0x00000058   Code   RO         7259    i.eMBRTUInit        mbrtu.o
    0x08004934   0x00000050   Code   RO         7260    i.eMBRTUReceive     mbrtu.o
    0x08004984   0x000000b0   Code   RO         7261    i.eMBRTUSend        mbrtu.o
    0x08004a34   0x00000024   Code   RO         7262    i.eMBRTUStart       mbrtu.o
    0x08004a58   0x00000018   Code   RO         7263    i.eMBRTUStop        mbrtu.o
    0x08004a70   0x00000098   Code   RO         7045    i.eMBRegCoilsCB     port.o
    0x08004b08   0x00000060   Code   RO         7046    i.eMBRegDiscreteCB  port.o
    0x08004b68   0x00000078   Code   RO         7047    i.eMBRegHoldingCB   port.o
    0x08004be0   0x00000040   Code   RO         7048    i.eMBRegInputCB     port.o
    0x08004c20   0x00000024   Code   RO         1638    i.fputc             uart6.o
    0x08004c44   0x00000028   Code   RO          228    i.main              main.o
    0x08004c6c   0x00000022   Code   RO         7016    i.prveMBError2Exception  mbutils.o
    0x08004c8e   0x00000022   Code   RO         6844    i.prvucMBBIN2CHAR   mbascii.o
    0x08004cb0   0x00000026   Code   RO         6845    i.prvucMBCHAR2BIN   mbascii.o
    0x08004cd6   0x00000020   Code   RO         6846    i.prvucMBLRC        mbascii.o
    0x08004cf6   0x00000002   PAD
    0x08004cf8   0x00000010   Code   RO         7201    i.prvvTIMERExpiredISR  porttimer.o
    0x08004d08   0x00000010   Code   RO         7137    i.prvvUARTRxISR     portserial.o
    0x08004d18   0x00000010   Code   RO         7138    i.prvvUARTTxReadyISR  portserial.o
    0x08004d28   0x00000038   Code   RO         7245    i.usMBCRC16         mbcrc.o
    0x08004d60   0x00000044   Code   RO         7139    i.vMBPortSerialEnable  portserial.o
    0x08004da4   0x0000002c   Code   RO         7202    i.vMBPortTimersDisable  porttimer.o
    0x08004dd0   0x0000002c   Code   RO         7203    i.vMBPortTimersEnable  porttimer.o
    0x08004dfc   0x00000128   Code   RO         6847    i.xMBASCIIReceiveFSM  mbascii.o
    0x08004f24   0x0000002c   Code   RO         6848    i.xMBASCIITimerT1SExpired  mbascii.o
    0x08004f50   0x000000f0   Code   RO         6849    i.xMBASCIITransmitFSM  mbascii.o
    0x08005040   0x00000010   Code   RO         7108    i.xMBPortEventInit  portevent.o
    0x08005050   0x00000018   Code   RO         7109    i.xMBPortEventPost  portevent.o
    0x08005068   0x00000014   Code   RO         7140    i.xMBPortSerialGetByte  portserial.o
    0x0800507c   0x000000c4   Code   RO         7141    i.xMBPortSerialInit  portserial.o
    0x08005140   0x00000014   Code   RO         7142    i.xMBPortSerialPutByte  portserial.o
    0x08005154   0x00000070   Code   RO         7204    i.xMBPortTimersInit  porttimer.o
    0x080051c4   0x00000088   Code   RO         7264    i.xMBRTUReceiveFSM  mbrtu.o
    0x0800524c   0x00000040   Code   RO         7265    i.xMBRTUTimerT35Expired  mbrtu.o
    0x0800528c   0x0000006c   Code   RO         7266    i.xMBRTUTransmitFSM  mbrtu.o
    0x080052f8   0x0000002a   Code   RO         7017    i.xMBUtilGetBits    mbutils.o
    0x08005322   0x00000060   Code   RO         7018    i.xMBUtilSetBits    mbutils.o
    0x08005382   0x00000200   Data   RO          902    .constdata          crc.o
    0x08005582   0x00000200   Data   RO         7246    .constdata          mbcrc.o
    0x08005782   0x00000002   PAD
    0x08005784   0x00000020   Data   RO         7638    Region$$Table       anon$$obj.o


    Execution Region ER_RW (Base: 0x20000000, Size: 0x00000258, Max: 0xffffffff, ABSOLUTE, COMPRESSED[0x00000074])

    Base Addr    Size         Type   Attr      Idx    E Section Name        Object

    0x20000000   0x0000002d   Data   RW          402    .data               car.o
    0x2000002d   0x00000003   PAD
    0x20000030   0x00000012   Data   RW          748    .data               moto_ctrl.o
    0x20000042   0x00000001   Data   RW          833    .data               magnet_comm.o
    0x20000043   0x00000001   PAD
    0x20000044   0x00000009   Data   RW          998    .data               rgb_led.o
    0x2000004d   0x00000003   Data   RW         1039    .data               voice.o
    0x20000050   0x00000008   Data   RW         1093    .data               outsidecomm.o
    0x20000058   0x00000002   Data   RW         1159    .data               adc1.o
    0x2000005a   0x00000002   PAD
    0x2000005c   0x0000005a   Data   RW         1219    .data               gpio.o
    0x200000b6   0x00000002   PAD
    0x200000b8   0x00000008   Data   RW         1289    .data               timer.o
    0x200000c0   0x00000010   Data   RW         1402    .data               uart1.o
    0x200000d0   0x0000000c   Data   RW         1481    .data               uart2.o
    0x200000dc   0x0000000c   Data   RW         1560    .data               uart3.o
    0x200000e8   0x0000000c   Data   RW         1640    .data               uart6.o
    0x200000f4   0x00000010   Data   RW         1717    .data               iwdg.o
    0x20000104   0x00000024   Data   RW         1756    .data               pwm.o
    0x20000128   0x00000010   Data   RW         4619    .data               stm32f4xx_rcc.o
    0x20000138   0x000000b5   Data   RW         6773    .data               mb.o
    0x200001ed   0x00000003   PAD
    0x200001f0   0x00000014   Data   RW         6850    .data               mbascii.o
    0x20000204   0x00000002   Data   RW         6998    .data               mbfuncother.o
    0x20000206   0x00000040   Data   RW         7050    .data               port.o
    0x20000246   0x00000002   Data   RW         7110    .data               portevent.o
    0x20000248   0x0000000c   Data   RW         7268    .data               mbrtu.o
    0x20000254   0x00000004   Data   RW         7612    .data               mc_w.l(stdout.o)


    Execution Region ER_ZI (Base: 0x20000258, Size: 0x00003a28, Max: 0xffffffff, ABSOLUTE)

    Base Addr    Size         Type   Attr      Idx    E Section Name        Object

    0x20000258   0x0000003c   Zero   RW          401    .bss                car.o
    0x20000294   0x000006a6   Zero   RW          530    .bss                fs.o
    0x2000093a   0x00000046   Zero   RW          832    .bss                magnet_comm.o
    0x20000980   0x00000040   Zero   RW         1092    .bss                outsidecomm.o
    0x200009c0   0x0000000a   Zero   RW         1158    .bss                adc1.o
    0x200009ca   0x00000002   PAD
    0x200009cc   0x00000358   Zero   RW         1288    .bss                timer.o
    0x20000d24   0x000001a4   Zero   RW         1401    .bss                uart1.o
    0x20000ec8   0x00001018   Zero   RW         1480    .bss                uart2.o
    0x20001ee0   0x00001018   Zero   RW         1559    .bss                uart3.o
    0x20002ef8   0x00000848   Zero   RW         1639    .bss                uart6.o
    0x20003740   0x00000020   Zero   RW         6997    .bss                mbfuncother.o
    0x20003760   0x00000020   Zero   RW         7049    .bss                port.o
    0x20003780   0x00000100   Zero   RW         7267    .bss                mbrtu.o
    0x20003880   0x00000400   Zero   RW            1    STACK               startup_stm32f40_41xxx.o


==============================================================================

Image component sizes


      Code (inc. data)   RO Data    RW Data    ZI Data      Debug   Object Name

       568         46          0          2         10       2767   adc1.o
       244         28          0         45         60       2623   car.o
        48          6        512          0          0       1362   crc.o
       436        254          0          0       1702       1858   fs.o
      1616         88          0         90          0       7627   gpio.o
       396         42          0         16          0       2614   iwdg.o
        84         40          0          0          0        576   loop.o
       292         24          0          1         70       4164   magnet_comm.o
       184         14          0          0          0      14800   main.o
       364        110          0        181          0       4776   mb.o
      1032         90          0         20          0       8799   mbascii.o
        56          8        512          0          0       1300   mbcrc.o
       430          0          0          0          0       3890   mbfunccoils.o
       172          0          0          0          0       1644   mbfuncdisc.o
       496          0          0          0          0       5147   mbfuncholding.o
       140          0          0          0          0       1595   mbfuncinput.o
        40         10          0          2         32       1443   mbfuncother.o
       712         76          0         12        256       6519   mbrtu.o
       172          0          0          0          0       2710   mbutils.o
       140         24          0          0          0       1819   misc.o
       124         24          0         18          0       1558   moto_ctrl.o
        76         10          0          8         64       1355   outsidecomm.o
       452         22          0         64         32       7685   port.o
        40         14          0          2          0       1378   portevent.o
       396         36          0          0          0       4956   portserial.o
       248         28          0          0          0       3051   porttimer.o
       604         60          0         36          0       2979   pwm.o
       392         22          0          9          0       2067   rgb_led.o
       296         16          0          0          0       1326   spi2.o
        36          8        392          0       1024        988   startup_stm32f40_41xxx.o
       414         24          0          0          0       6748   stm32f4xx_adc.o
        32          6          0          0          0        678   stm32f4xx_dbgmcu.o
       710         58          0          0          0       7674   stm32f4xx_dma.o
       184         16          0          0          0       2444   stm32f4xx_exti.o
       230          0          0          0          0       3957   stm32f4xx_gpio.o
        24          0          0          0          0     330048   stm32f4xx_it.o
        68         30          0          0          0       2990   stm32f4xx_iwdg.o
       464         54          0         16          0       7822   stm32f4xx_rcc.o
       112          0          0          0          0       4002   stm32f4xx_spi.o
        64          4          0          0          0        736   stm32f4xx_syscfg.o
      1262         82          0          0          0      18273   stm32f4xx_tim.o
       548          8          0          0          0       9554   stm32f4xx_usart.o
       376         34          0          0          0       1701   system_stm32f4xx.o
       734         52          0          8        856      33508   timer.o
      1160        144          0         16        420       5453   uart1.o
      1116        128          0         12       4120       4733   uart2.o
       544         80          0         12       4120       2667   uart3.o
      1144        126          0         12       2120       5489   uart6.o
        80          8          0          3          0       1886   voice.o
       554         32          0          0          0       6611   w25x16.o

    ----------------------------------------------------------------------
     20142       1986       1450        596      14888     562350   Object Totals
         0          0         32          0          0          0   (incl. Generated)
        36          0          2         11          2          0   (incl. Padding)

    ----------------------------------------------------------------------

      Code (inc. data)   RO Data    RW Data    ZI Data      Debug   Library Member Name

        86          0          0          0          0          0   __dczerorl2.o
         0          0          0          0          0          0   entry.o
         0          0          0          0          0          0   entry10a.o
         0          0          0          0          0          0   entry11a.o
         8          4          0          0          0          0   entry2.o
         4          0          0          0          0          0   entry5.o
         0          0          0          0          0          0   entry7b.o
         0          0          0          0          0          0   entry8b.o
         8          4          0          0          0          0   entry9a.o
        30          0          0          0          0          0   handlers.o
        36          8          0          0          0         68   init.o
        36          0          0          0          0         68   memcpya.o
        36          0          0          0          0        108   memseta.o
       522         20          0          0          0        336   printf3.o
         0          0          0          4          0          0   stdout.o
        28          0          0          0          0         76   strcmp.o
        44          0          0          0          0         80   uidiv.o

    ----------------------------------------------------------------------
       844         36          0          4          0        736   Library Totals
         6          0          0          0          0          0   (incl. Padding)

    ----------------------------------------------------------------------

      Code (inc. data)   RO Data    RW Data    ZI Data      Debug   Library Name

       838         36          0          4          0        736   mc_w.l

    ----------------------------------------------------------------------
       844         36          0          4          0        736   Library Totals

    ----------------------------------------------------------------------

==============================================================================


      Code (inc. data)   RO Data    RW Data    ZI Data      Debug   

     20986       2022       1450        600      14888     540658   Grand Totals
     20986       2022       1450        116      14888     540658   ELF Image Totals (compressed)
     20986       2022       1450        116          0          0   ROM Totals

==============================================================================

    Total RO  Size (Code + RO Data)                22436 (  21.91kB)
    Total RW  Size (RW Data + ZI Data)             15488 (  15.13kB)
    Total ROM Size (Code + RO Data + RW Data)      22552 (  22.02kB)

==============================================================================

